<html>
<body>
<pre>
<h1>µVision Build Log</h1>
<h2>Tool Versions:</h2>
IDE-Version: ¦ÌVision V5.38.0.0
Copyright (C) 2022 ARM Ltd and ARM Germany GmbH. All rights reserved.
License Information: LIN MENG, LIN, LIC=GMZI6-DHGDK-NN9AF-6159H-W5ZI3-5QTMM
 
Tool Versions:
Toolchain:       MDK-ARM Plus  Version: 5.38.0.0
Toolchain Path:  D:\Keil5\ARM\ARMCLANG\Bin
C Compiler:      ArmClang.exe V6.19
Assembler:       Armasm.exe V6.19
Linker/Locator:  ArmLink.exe V6.19
Library Manager: ArmAr.exe V6.19
Hex Converter:   FromElf.exe V6.19
CPU DLL:         SARMCM3.DLL V5.38.0.0
Dialog DLL:      DARMCM1.DLL V1.19.6.0
Target DLL:      CMSIS_AGDI.dll V1.33.15.0
Dialog DLL:      TARMCM1.DLL V1.14.6.0
 
<h2>Project:</h2>
E:\TI_SYSCONFIG\mspm0_sdk_2_02_00_05\empty\keil\empty_LP_MSPM0G3507_nortos_keil.uvprojx
Project File Date:  07/01/2026

<h2>Output:</h2>
*** Using Compiler 'V6.19', folder: 'D:\Keil5\ARM\ARMCLANG\Bin'
Rebuild target 'empty_LP_MSPM0G3507_nortos_keil'
Before Build - User command #1: cmd.exe /C "E:\TI_SYSCONFIG\mspm0_sdk_2_02_00_05\empty\keil\../../tools/keil/syscfg.bat 'E:\TI_SYSCONFIG\mspm0_sdk_2_02_00_05\empty\keil\' empty.syscfg"
Using Sysconfig Tool from "E:\TI_SYSCONFIG\SYSCONFIG\sysconfig_cli.bat"
"Update the file located at <sdk path>/tools/keil/syscfg.bat to use a different version"
Running script...
Validating...
info: MOTOR_PWM(/ti/driverlib/PWM): Peripheral does not retain register contents in STOP or STANDBY modes. User should take care to save and restore register configuration in application. See Retention Configuration section for more details.
info: PTZ1_PWM(/ti/driverlib/PWM): Peripheral does not retain register contents in STOP or STANDBY modes. User should take care to save and restore register configuration in application. See Retention Configuration section for more details.
info: PTZ2_PWM(/ti/driverlib/PWM): Peripheral does not retain register contents in STOP or STANDBY modes. User should take care to save and restore register configuration in application. See Retention Configuration section for more details.
info: PID_TIMER(/ti/driverlib/TIMER): Peripheral does not retain register contents in STOP or STANDBY modes. User should take care to save and restore register configuration in application. See Retention Configuration section for more details.
info: UART0(/ti/driverlib/UART) DMA_CHANNEL_RX.channelID: Currently using a Full Channel.
info: UART0(/ti/driverlib/UART) DMA_CHANNEL_TX.channelID: Currently using a Full Channel.
Generating Code (empty.syscfg)...
Unchanged E:\TI_SYSCONFIG\mspm0_sdk_2_02_00_05\empty\ti_msp_dl_config.c...
Unchanged E:\TI_SYSCONFIG\mspm0_sdk_2_02_00_05\empty\ti_msp_dl_config.h...
Unchanged E:\TI_SYSCONFIG\mspm0_sdk_2_02_00_05\empty\Event.dot...
compiling bsp_buzzer.c...
compiling bsp_stepper.c...
assembling startup_mspm0g350x_uvision.s...
compiling bsp_servo_360.c...
compiling board.c...
compiling bsp_servo_180.c...
compiling empty.c...
compiling bsp_grayscale.c...
compiling bsp_button.c...
compiling ti_msp_dl_config.c...
compiling bsp_motor.c...
compiling bsp_led.c...
compiling bsp_ultrasonic.c...
compiling bsp_mpu6050.c...
compiling bsp_uart.c...
compiling soft_oled.c...
linking...
Program Size: Code=13480 RO-data=7112 RW-data=4 ZI-data=2844  
FromELF: creating hex file...
".\Objects\empty_LP_MSPM0G3507_nortos_keil.axf" - 0 Error(s), 0 Warning(s).

<h2>Software Packages used:</h2>

Package Vendor: TexasInstruments
                https://software-dl.ti.com/msp430/esd/MSPM0-CMSIS/MSPM0G1X0X_G3X0X/latest/exports/TexasInstruments.MSPM0G1X0X_G3X0X_DFP.1.3.1.pack
                TexasInstruments.MSPM0G1X0X_G3X0X_DFP.1.3.1
                Device Family Pack for Texas Instruments MSPM0G1X0X_G3X0X Series

<h2>Collection of Component include folders:</h2>

<h2>Collection of Component Files used:</h2>
Build Time Elapsed:  00:00:03
</pre>
</body>
</html>
