Component: Arm Compiler for Embedded 6.19 Tool: armlink [5e73cb00]

==============================================================================

Section Cross References

    empty.o(.text.main) refers to ti_msp_dl_config.o(.text.SYSCFG_DL_init) for SYSCFG_DL_init
    empty.o(.text.main) refers to soft_oled.o(.text.OLED_Init) for OLED_Init
    empty.o(.text.main) refers to soft_oled.o(.text.OLED_Clear) for OLED_Clear
    empty.o(.text.main) refers to soft_oled.o(.text.OLED_ShowString) for OLED_ShowString
    empty.o(.text.main) refers to bsp_motor.o(.text.Motor_Init) for Motor_Init
    empty.o(.text.main) refers to bsp_mpu6050.o(.text.MPU6050_Init) for MPU6050_Init
    empty.o(.text.main) refers to bsp_ultrasonic.o(.text.Ultrasonic_Init) for Ultrasonic_Init
    empty.o(.text.main) refers to bsp_led.o(.text.LED_Init) for LED_Init
    empty.o(.text.main) refers to bsp_buzzer.o(.text.Buzzer_Init) for Buzzer_Init
    empty.o(.text.main) refers to bsp_button.o(.text.Button_Init) for Button_Init
    empty.o(.text.main) refers to bsp_uart.o(.text.UART_Init) for UART_Init
    empty.o(.text.main) refers to bsp_buzzer.o(.text.Buzzer_Beep) for Buzzer_Beep
    empty.o(.text.main) refers to bsp_button.o(.text.Button_Task) for Button_Task
    empty.o(.text.main) refers to bsp_button.o(.text.Button_GetPress) for Button_GetPress
    empty.o(.text.main) refers to bsp_led.o(.text.LED_Toggle) for LED_Toggle
    empty.o(.text.main) refers to bsp_uart.o(.text.UART_IsFrameReady) for UART_IsFrameReady
    empty.o(.text.main) refers to bsp_uart.o(.text.UART_ReadFrame) for UART_ReadFrame
    empty.o(.text.main) refers to bsp_uart.o(.text.UART_SendString) for UART_SendString
    empty.o(.text.main) refers to bsp_uart.o(.text.UART_SendBytes) for UART_SendBytes
    empty.o(.text.main) refers to bsp_mpu6050.o(.text.MPU6050_Update) for MPU6050_Update
    empty.o(.text.main) refers to bsp_ultrasonic.o(.text.Ultrasonic_GetDistance) for Ultrasonic_GetDistance
    empty.o(.text.main) refers to ffixui.o(.text) for __aeabi_f2uiz
    empty.o(.text.main) refers to soft_oled.o(.text.OLED_ShowNum) for OLED_ShowNum
    empty.o(.text.main) refers to bsp_motor.o(.text.Motor_GetEncoder) for Motor_GetEncoder
    empty.o(.text.main) refers to soft_oled.o(.text.OLED_Refresh) for OLED_Refresh
    empty.o(.text.main) refers to empty.o(.bss.main.tick_counter) for [Anonymous Symbol]
    empty.o(.ARM.exidx.text.main) refers to empty.o(.text.main) for [Anonymous Symbol]
    empty.o(.text.UART0_IRQHandler) refers to bsp_uart.o(.text.UART_IRQHandler) for UART_IRQHandler
    empty.o(.ARM.exidx.text.UART0_IRQHandler) refers to empty.o(.text.UART0_IRQHandler) for [Anonymous Symbol]
    startup_mspm0g350x_uvision.o(STACK) refers (Special) to heapauxi.o(.text) for __use_two_region_memory
    startup_mspm0g350x_uvision.o(HEAP) refers (Special) to heapauxi.o(.text) for __use_two_region_memory
    startup_mspm0g350x_uvision.o(RESET) refers (Special) to heapauxi.o(.text) for __use_two_region_memory
    startup_mspm0g350x_uvision.o(RESET) refers to startup_mspm0g350x_uvision.o(STACK) for __initial_sp
    startup_mspm0g350x_uvision.o(RESET) refers to startup_mspm0g350x_uvision.o(.text) for Reset_Handler
    startup_mspm0g350x_uvision.o(RESET) refers to bsp_motor.o(.text.GROUP1_IRQHandler) for GROUP1_IRQHandler
    startup_mspm0g350x_uvision.o(RESET) refers to empty.o(.text.UART0_IRQHandler) for UART0_IRQHandler
    startup_mspm0g350x_uvision.o(RESET) refers to bsp_motor.o(.text.TIMG7_IRQHandler) for TIMG7_IRQHandler
    startup_mspm0g350x_uvision.o(.text) refers (Special) to heapauxi.o(.text) for __use_two_region_memory
    startup_mspm0g350x_uvision.o(.text) refers to __main.o(!!!main) for __main
    startup_mspm0g350x_uvision.o(.text) refers to startup_mspm0g350x_uvision.o(HEAP) for Heap_Mem
    startup_mspm0g350x_uvision.o(.text) refers to startup_mspm0g350x_uvision.o(STACK) for Stack_Mem
    ti_msp_dl_config.o(.text.SYSCFG_DL_init) refers to ti_msp_dl_config.o(.text.SYSCFG_DL_initPower) for SYSCFG_DL_initPower
    ti_msp_dl_config.o(.text.SYSCFG_DL_init) refers to ti_msp_dl_config.o(.text.SYSCFG_DL_GPIO_init) for SYSCFG_DL_GPIO_init
    ti_msp_dl_config.o(.text.SYSCFG_DL_init) refers to ti_msp_dl_config.o(.text.SYSCFG_DL_SYSCTL_init) for SYSCFG_DL_SYSCTL_init
    ti_msp_dl_config.o(.text.SYSCFG_DL_init) refers to ti_msp_dl_config.o(.text.SYSCFG_DL_MOTOR_PWM_init) for SYSCFG_DL_MOTOR_PWM_init
    ti_msp_dl_config.o(.text.SYSCFG_DL_init) refers to ti_msp_dl_config.o(.text.SYSCFG_DL_PTZ1_PWM_init) for SYSCFG_DL_PTZ1_PWM_init
    ti_msp_dl_config.o(.text.SYSCFG_DL_init) refers to ti_msp_dl_config.o(.text.SYSCFG_DL_PTZ2_PWM_init) for SYSCFG_DL_PTZ2_PWM_init
    ti_msp_dl_config.o(.text.SYSCFG_DL_init) refers to ti_msp_dl_config.o(.text.SYSCFG_DL_ULTRASONIC_TIMER_init) for SYSCFG_DL_ULTRASONIC_TIMER_init
    ti_msp_dl_config.o(.text.SYSCFG_DL_init) refers to ti_msp_dl_config.o(.text.SYSCFG_DL_PID_TIMER_init) for SYSCFG_DL_PID_TIMER_init
[...]
    .ARM.Collect$$libinit$$00000025          0x00000146   Section        0  libinit2.o(.ARM.Collect$$libinit$$00000025)
    .ARM.Collect$$libinit$$00000027          0x00000146   Section        0  libinit2.o(.ARM.Collect$$libinit$$00000027)
    .ARM.Collect$$libinit$$0000002E          0x00000146   Section        0  libinit2.o(.ARM.Collect$$libinit$$0000002E)
    .ARM.Collect$$libinit$$00000030          0x00000146   Section        0  libinit2.o(.ARM.Collect$$libinit$$00000030)
    .ARM.Collect$$libinit$$00000032          0x00000146   Section        0  libinit2.o(.ARM.Collect$$libinit$$00000032)
    .ARM.Collect$$libinit$$00000034          0x00000146   Section        0  libinit2.o(.ARM.Collect$$libinit$$00000034)
    .ARM.Collect$$libinit$$00000035          0x00000146   Section        2  libinit2.o(.ARM.Collect$$libinit$$00000035)
    .ARM.Collect$$libshutdown$$00000000      0x00000148   Section        2  libshutdown.o(.ARM.Collect$$libshutdown$$00000000)
    .ARM.Collect$$libshutdown$$00000002      0x0000014a   Section        0  libshutdown2.o(.ARM.Collect$$libshutdown$$00000002)
    .ARM.Collect$$libshutdown$$00000004      0x0000014a   Section        0  libshutdown2.o(.ARM.Collect$$libshutdown$$00000004)
    .ARM.Collect$$libshutdown$$00000007      0x0000014a   Section        0  libshutdown2.o(.ARM.Collect$$libshutdown$$00000007)
    .ARM.Collect$$libshutdown$$0000000A      0x0000014a   Section        0  libshutdown2.o(.ARM.Collect$$libshutdown$$0000000A)
    .ARM.Collect$$libshutdown$$0000000C      0x0000014a   Section        0  libshutdown2.o(.ARM.Collect$$libshutdown$$0000000C)
    .ARM.Collect$$libshutdown$$0000000F      0x0000014a   Section        0  libshutdown2.o(.ARM.Collect$$libshutdown$$0000000F)
    .ARM.Collect$$libshutdown$$00000010      0x0000014a   Section        2  libshutdown2.o(.ARM.Collect$$libshutdown$$00000010)
    .ARM.Collect$$rtentry$$00000000          0x0000014c   Section        0  __rtentry.o(.ARM.Collect$$rtentry$$00000000)
    .ARM.Collect$$rtentry$$00000002          0x0000014c   Section        0  __rtentry2.o(.ARM.Collect$$rtentry$$00000002)
    .ARM.Collect$$rtentry$$00000004          0x0000014c   Section        6  __rtentry4.o(.ARM.Collect$$rtentry$$00000004)
    .ARM.Collect$$rtentry$$00000009          0x00000152   Section        0  __rtentry2.o(.ARM.Collect$$rtentry$$00000009)
    .ARM.Collect$$rtentry$$0000000A          0x00000152   Section        4  __rtentry2.o(.ARM.Collect$$rtentry$$0000000A)
    .ARM.Collect$$rtentry$$0000000C          0x00000156   Section        0  __rtentry2.o(.ARM.Collect$$rtentry$$0000000C)
    .ARM.Collect$$rtentry$$0000000D          0x00000156   Section        8  __rtentry2.o(.ARM.Collect$$rtentry$$0000000D)
    .ARM.Collect$$rtexit$$00000000           0x0000015e   Section        2  rtexit.o(.ARM.Collect$$rtexit$$00000000)
    .ARM.Collect$$rtexit$$00000002           0x00000160   Section        0  rtexit2.o(.ARM.Collect$$rtexit$$00000002)
    .ARM.Collect$$rtexit$$00000003           0x00000160   Section        4  rtexit2.o(.ARM.Collect$$rtexit$$00000003)
    .ARM.Collect$$rtexit$$00000004           0x00000164   Section        6  rtexit2.o(.ARM.Collect$$rtexit$$00000004)
    .text                                    0x0000016c   Section       44  startup_mspm0g350x_uvision.o(.text)
    .text                                    0x00000198   Section      504  aeabi_sdivfast.o(.text)
    .text                                    0x00000390   Section        0  heapauxi.o(.text)
    .text                                    0x00000398   Section        0  fdiv.o(.text)
    .text                                    0x000004f8   Section        0  ffixi.o(.text)
    .text                                    0x00000544   Section        0  ffixui.o(.text)
    .text                                    0x00000574   Section        0  fflti.o(.text)
    .text                                    0x000005d4   Section        0  fcmpin.o(.text)
    .text                                    0x00000638   Section       62  sys_stackheap_outer.o(.text)
    .text                                    0x00000676   Section        0  exit.o(.text)
    .text                                    0x00000686   Section        0  cmpret.o(.text)
    .text                                    0x000006b4   Section        0  fnan2.o(.text)
    .text                                    0x000006c4   Section        8  libspace.o(.text)
    .text                                    0x000006cc   Section        0  retnan.o(.text)
    .text                                    0x0000072c   Section        0  sys_exit.o(.text)
    .text                                    0x00000738   Section        2  use_no_semi.o(.text)
    .text                                    0x0000073a   Section        0  indicate_semi.o(.text)
    [Anonymous Symbol]                       0x0000073c   Section        0  bsp_button.o(.text.Button_GetPress)
    [Anonymous Symbol]                       0x00000754   Section        0  bsp_button.o(.text.Button_Init)
    [Anonymous Symbol]                       0x00000788   Section        0  bsp_button.o(.text.Button_Task)
    __arm_cp.4_0                             0x00000834   Number         4  bsp_button.o(.text.Button_Task)
    __arm_cp.4_1                             0x00000838   Number         4  bsp_button.o(.text.Button_Task)
    __arm_cp.4_2                             0x0000083c   Number         4  bsp_button.o(.text.Button_Task)
    [Anonymous Symbol]                       0x00000840   Section        0  bsp_buzzer.o(.text.Buzzer_Beep)
    __arm_cp.4_0                             0x00000850   Number         4  bsp_buzzer.o(.text.Buzzer_Beep)
    [Anonymous Symbol]                       0x00000854   Section        0  bsp_buzzer.o(.text.Buzzer_Init)
    __arm_cp.0_0                             0x0000085c   Number         4  bsp_buzzer.o(.text.Buzzer_Init)
    [Anonymous Symbol]                       0x00000860   Section        0  dl_common.o(.text.DL_Common_delayCycles)
    [Anonymous Symbol]                       0x0000086c   Section        0  dl_dma.o(.text.DL_DMA_initChannel)
    __arm_cp.0_0                             0x000008ac   Number         4  dl_dma.o(.text.DL_DMA_initChannel)
    [Anonymous Symbol]                       0x000008b0   Section        0  dl_i2c.o(.text.DL_I2C_fillControllerTXFIFO)
    [Anonymous Symbol]                       0x000008dc   Section        0  dl_i2c.o(.text.DL_I2C_setClockConfig)
    [Anonymous Symbol]                       0x00000904   Section        0  dl_timer.o(.text.DL_Timer_initCaptureMode)
    __arm_cp.5_1                             0x000009f8   Number         4  dl_timer.o(.text.DL_Timer_initCaptureMode)
    __arm_cp.5_4                             0x000009fc   Number         4  dl_timer.o(.text.DL_Timer_initCaptureMode)
    __arm_cp.5_5                             0x00000a00   Number         4  dl_timer.o(.text.DL_Timer_initCaptureMode)
    [Anonymous Symbol]                       0x00000a04   Section        0  dl_timer.o(.text.DL_Timer_initFourCCPWMMode)
    __arm_cp.38_1                            0x00000af8   Number         4  dl_timer.o(.text.DL_Timer_initFourCCPWMMode)
    __arm_cp.38_2                            0x00000afc   Number         4  dl_timer.o(.text.DL_Timer_initFourCCPWMMode)
    __arm_cp.38_4                            0x00000b00   Number         4  dl_timer.o(.text.DL_Timer_initFourCCPWMMode)
    __arm_cp.38_5                            0x00000b04   Number         4  dl_timer.o(.text.DL_Timer_initFourCCPWMMode)
    __arm_cp.38_6                            0x00000b08   Number         4  dl_timer.o(.text.DL_Timer_initFourCCPWMMode)
    [Anonymous Symbol]                       0x00000b0c   Section        0  dl_timer.o(.text.DL_Timer_initTimerMode)
    __arm_cp.2_0                             0x00000bec   Number         4  dl_timer.o(.text.DL_Timer_initTimerMode)
    __arm_cp.2_1                             0x00000bf0   Number         4  dl_timer.o(.text.DL_Timer_initTimerMode)
    __arm_cp.2_2                             0x00000bf4   Number         4  dl_timer.o(.text.DL_Timer_initTimerMode)
    __arm_cp.2_3                             0x00000bf8   Number         4  dl_timer.o(.text.DL_Timer_initTimerMode)
    [Anonymous Symbol]                       0x00000bfc   Section        0  dl_timer.o(.text.DL_Timer_setCaptCompUpdateMethod)
    __arm_cp.23_0                            0x00000c14   Number         4  dl_timer.o(.text.DL_Timer_setCaptCompUpdateMethod)
    [Anonymous Symbol]                       0x00000c18   Section        0  dl_timer.o(.text.DL_Timer_setCaptureCompareOutCtl)
    __arm_cp.25_0                            0x00000c2c   Number         4  dl_timer.o(.text.DL_Timer_setCaptureCompareOutCtl)
    [Anonymous Symbol]                       0x00000c30   Section        0  dl_timer.o(.text.DL_Timer_setCaptureCompareValue)
    __arm_cp.3_0                             0x00000c3c   Number         4  dl_timer.o(.text.DL_Timer_setCaptureCompareValue)
    [Anonymous Symbol]                       0x00000c40   Section        0  dl_timer.o(.text.DL_Timer_setClockConfig)
    __arm_cp.0_0                             0x00000c58   Number         4  dl_timer.o(.text.DL_Timer_setClockConfig)
    [Anonymous Symbol]                       0x00000c5c   Section        0  dl_uart.o(.text.DL_UART_init)
    __arm_cp.0_0                             0x00000c9c   Number         4  dl_uart.o(.text.DL_UART_init)
    __arm_cp.0_1                             0x00000ca0   Number         4  dl_uart.o(.text.DL_UART_init)
    [Anonymous Symbol]                       0x00000ca4   Section        0  dl_uart.o(.text.DL_UART_setClockConfig)
    [Anonymous Symbol]                       0x00000cb8   Section        0  bsp_motor.o(.text.GROUP1_IRQHandler)
    __arm_cp.11_0                            0x00000f10   Number         4  bsp_motor.o(.text.GROUP1_IRQHandler)
    __arm_cp.11_1                            0x00000f14   Number         4  bsp_motor.o(.text.GROUP1_IRQHandler)
    __arm_cp.11_2                            0x00000f18   Number         4  bsp_motor.o(.text.GROUP1_IRQHandler)
    __arm_cp.11_3                            0x00000f1c   Number         4  bsp_motor.o(.text.GROUP1_IRQHandler)
    __arm_cp.11_4                            0x00000f20   Number         4  bsp_motor.o(.text.GROUP1_IRQHandler)
    __arm_cp.11_5                            0x00000f24   Number         4  bsp_motor.o(.text.GROUP1_IRQHandler)
    __arm_cp.11_6                            0x00000f28   Number         4  bsp_motor.o(.text.GROUP1_IRQHandler)
    __arm_cp.11_7                            0x00000f2c   Number         4  bsp_motor.o(.text.GROUP1_IRQHandler)
    [Anonymous Symbol]                       0x00000f30   Section        0  bsp_led.o(.text.LED_Init)
    [Anonymous Symbol]                       0x00000f48   Section        0  bsp_led.o(.text.LED_Toggle)
    __arm_cp.3_0                             0x00000f5c   Number         4  bsp_led.o(.text.LED_Toggle)
    __arm_cp.3_1                             0x00000f60   Number         4  bsp_led.o(.text.LED_Toggle)
    [Anonymous Symbol]                       0x00000f64   Section        0  bsp_mpu6050.o(.text.MPU6050_Init)
    __arm_cp.0_1                             0x00001040   Number         4  bsp_mpu6050.o(.text.MPU6050_Init)
    __arm_cp.0_4                             0x00001044   Number         4  bsp_mpu6050.o(.text.MPU6050_Init)
    [Anonymous Symbol]                       0x00001048   Section        0  bsp_mpu6050.o(.text.MPU6050_Update)
    __arm_cp.1_0                             0x0000111c   Number         4  bsp_mpu6050.o(.text.MPU6050_Update)
    __arm_cp.1_1                             0x00001120   Number         4  bsp_mpu6050.o(.text.MPU6050_Update)
    __arm_cp.1_2                             0x00001124   Number         4  bsp_mpu6050.o(.text.MPU6050_Update)
    __arm_cp.1_3                             0x00001128   Number         4  bsp_mpu6050.o(.text.MPU6050_Update)
    __arm_cp.1_4                             0x0000112c   Number         4  bsp_mpu6050.o(.text.MPU6050_Update)
    __arm_cp.1_5                             0x00001130   Number         4  bsp_mpu6050.o(.text.MPU6050_Update)
    __arm_cp.1_6                             0x00001134   Number         4  bsp_mpu6050.o(.text.MPU6050_Update)
    __arm_cp.1_7                             0x00001138   Number         4  bsp_mpu6050.o(.text.MPU6050_Update)
    __arm_cp.1_8                             0x0000113c   Number         4  bsp_mpu6050.o(.text.MPU6050_Update)
    __arm_cp.1_9                             0x00001140   Number         4  bsp_mpu6050.o(.text.MPU6050_Update)
    __arm_cp.1_10                            0x00001144   Number         4  bsp_mpu6050.o(.text.MPU6050_Update)
    __arm_cp.1_11                            0x00001148   Number         4  bsp_mpu6050.o(.text.MPU6050_Update)
    [Anonymous Symbol]                       0x0000114c   Section        0  bsp_motor.o(.text.Motor_GetEncoder)
    __arm_cp.6_0                             0x00001160   Number         4  bsp_motor.o(.text.Motor_GetEncoder)
    [Anonymous Symbol]                       0x00001164   Section        0  bsp_motor.o(.text.Motor_Init)
    __arm_cp.0_1                             0x000012f8   Number         4  bsp_motor.o(.text.Motor_Init)
    __arm_cp.0_2                             0x000012fc   Number         4  bsp_motor.o(.text.Motor_Init)
    __arm_cp.0_3                             0x00001300   Number         4  bsp_motor.o(.text.Motor_Init)
    __arm_cp.0_4                             0x00001304   Number         4  bsp_motor.o(.text.Motor_Init)
    __arm_cp.0_6                             0x00001308   Number         4  bsp_motor.o(.text.Motor_Init)
    __arm_cp.0_7                             0x0000130c   Number         4  bsp_motor.o(.text.Motor_Init)
    [Anonymous Symbol]                       0x00001310   Section        0  bsp_motor.o(.text.Motor_PIDTask)
    __arm_cp.10_0                            0x00001494   Number         4  bsp_motor.o(.text.Motor_PIDTask)
    __arm_cp.10_1                            0x00001498   Number         4  bsp_motor.o(.text.Motor_PIDTask)
    __arm_cp.10_2                            0x0000149c   Number         4  bsp_motor.o(.text.Motor_PIDTask)
    __arm_cp.10_3                            0x000014a0   Number         4  bsp_motor.o(.text.Motor_PIDTask)
    __arm_cp.10_4                            0x000014a4   Number         4  bsp_motor.o(.text.Motor_PIDTask)
    __arm_cp.10_5                            0x000014a8   Number         4  bsp_motor.o(.text.Motor_PIDTask)
    __arm_cp.10_6                            0x000014ac   Number         4  bsp_motor.o(.text.Motor_PIDTask)
    __arm_cp.10_7                            0x000014b0   Number         4  bsp_motor.o(.text.Motor_PIDTask)
    __arm_cp.10_8                            0x000014b4   Number         4  bsp_motor.o(.text.Motor_PIDTask)
    __arm_cp.10_9                            0x000014b8   Number         4  bsp_motor.o(.text.Motor_PIDTask)
    [Anonymous Symbol]                       0x000014bc   Section        0  soft_oled.o(.text.OLED_Clear)
    __arm_cp.11_1                            0x000014cc   Number         4  soft_oled.o(.text.OLED_Clear)
    [Anonymous Symbol]                       0x000019bc   Section        0  soft_oled.o(.text.OLED_Init)
    __arm_cp.22_1                            0x00001aac   Number         4  soft_oled.o(.text.OLED_Init)
    [Anonymous Symbol]                       0x00001f9c   Section        0  soft_oled.o(.text.OLED_Refresh)
    __arm_cp.10_1                            0x00002094   Number         4  soft_oled.o(.text.OLED_Refresh)
    [Anonymous Symbol]                       0x00002098   Section        0  soft_oled.o(.text.OLED_ShowChar)
    __arm_cp.15_0                            0x000022ec   Number         4  soft_oled.o(.text.OLED_ShowChar)
    __arm_cp.15_1                            0x000022f0   Number         4  soft_oled.o(.text.OLED_ShowChar)
    __arm_cp.15_2                            0x000022f4   Number         4  soft_oled.o(.text.OLED_ShowChar)
    __arm_cp.15_3                            0x000022f8   Number         4  soft_oled.o(.text.OLED_ShowChar)
    __arm_cp.15_4                            0x000022fc   Number         4  soft_oled.o(.text.OLED_ShowChar)
    [Anonymous Symbol]                       0x00002300   Section        0  soft_oled.o(.text.OLED_ShowNum)
    __arm_cp.18_0                            0x000023c4   Number         4  soft_oled.o(.text.OLED_ShowNum)
    [Anonymous Symbol]                       0x000023c8   Section        0  soft_oled.o(.text.OLED_ShowString)
    [Anonymous Symbol]                       0x00002418   Section        0  soft_oled.o(.text.OLED_WR_Byte)
    __arm_cp.1_0                             0x000024b4   Number         4  soft_oled.o(.text.OLED_WR_Byte)
    [Anonymous Symbol]                       0x000024b8   Section        0  ti_msp_dl_config.o(.text.SYSCFG_DL_DMA_CH0_init)
    __arm_cp.14_1                            0x000024c8   Number         4  ti_msp_dl_config.o(.text.SYSCFG_DL_DMA_CH0_init)
    [Anonymous Symbol]                       0x000024cc   Section        0  ti_msp_dl_config.o(.text.SYSCFG_DL_DMA_CH1_init)
    __arm_cp.15_0                            0x000024dc   Number         4  ti_msp_dl_config.o(.text.SYSCFG_DL_DMA_CH1_init)
    __arm_cp.15_1                            0x000024e0   Number         4  ti_msp_dl_config.o(.text.SYSCFG_DL_DMA_CH1_init)
    [Anonymous Symbol]                       0x000024e4   Section        0  ti_msp_dl_config.o(.text.SYSCFG_DL_DMA_init)
    [Anonymous Symbol]                       0x000024f0   Section        0  ti_msp_dl_config.o(.text.SYSCFG_DL_GPIO_init)
    __arm_cp.2_0                             0x00002610   Number         4  ti_msp_dl_config.o(.text.SYSCFG_DL_GPIO_init)
    __arm_cp.2_1                             0x00002614   Number         4  ti_msp_dl_config.o(.text.SYSCFG_DL_GPIO_init)
    __arm_cp.2_2                             0x00002618   Number         4  ti_msp_dl_config.o(.text.SYSCFG_DL_GPIO_init)
    __arm_cp.2_3                             0x0000261c   Number         4  ti_msp_dl_config.o(.text.SYSCFG_DL_GPIO_init)
    __arm_cp.2_4                             0x00002620   Number         4  ti_msp_dl_config.o(.text.SYSCFG_DL_GPIO_init)
    __arm_cp.2_5                             0x00002624   Number         4  ti_msp_dl_config.o(.text.SYSCFG_DL_GPIO_init)
    __arm_cp.2_6                             0x00002628   Number         4  ti_msp_dl_config.o(.text.SYSCFG_DL_GPIO_init)
    __arm_cp.2_7                             0x0000262c   Number         4  ti_msp_dl_config.o(.text.SYSCFG_DL_GPIO_init)
    __arm_cp.2_8                             0x00002630   Number         4  ti_msp_dl_config.o(.text.SYSCFG_DL_GPIO_init)
    __arm_cp.2_9                             0x00002634   Number         4  ti_msp_dl_config.o(.text.SYSCFG_DL_GPIO_init)
    __arm_cp.2_10                            0x00002638   Number         4  ti_msp_dl_config.o(.text.SYSCFG_DL_GPIO_init)
    __arm_cp.2_11                            0x0000263c   Number         4  ti_msp_dl_config.o(.text.SYSCFG_DL_GPIO_init)
    __arm_cp.2_12                            0x00002640   Number         4  ti_msp_dl_config.o(.text.SYSCFG_DL_GPIO_init)
    __arm_cp.2_13                            0x00002644   Number         4  ti_msp_dl_config.o(.text.SYSCFG_DL_GPIO_init)
    __arm_cp.2_14                            0x00002648   Number         4  ti_msp_dl_config.o(.text.SYSCFG_DL_GPIO_init)
    __arm_cp.2_15                            0x0000264c   Number         4  ti_msp_dl_config.o(.text.SYSCFG_DL_GPIO_init)
    __arm_cp.2_16                            0x00002650   Number         4  ti_msp_dl_config.o(.text.SYSCFG_DL_GPIO_init)
    __arm_cp.2_17                            0x00002654   Number         4  ti_msp_dl_config.o(.text.SYSCFG_DL_GPIO_init)
    [Anonymous Symbol]                       0x00002658   Section        0  ti_msp_dl_config.o(.text.SYSCFG_DL_I2C_0_init)
    __arm_cp.9_0                             0x0000267c   Number         4  ti_msp_dl_config.o(.text.SYSCFG_DL_I2C_0_init)
    __arm_cp.9_1                             0x00002680   Number         4  ti_msp_dl_config.o(.text.SYSCFG_DL_I2C_0_init)
    __arm_cp.9_2                             0x00002684   Number         4  ti_msp_dl_config.o(.text.SYSCFG_DL_I2C_0_init)
    [Anonymous Symbol]                       0x00002688   Section        0  ti_msp_dl_config.o(.text.SYSCFG_DL_MOTOR_PWM_init)
    __arm_cp.4_0                             0x00002748   Number         4  ti_msp_dl_config.o(.text.SYSCFG_DL_MOTOR_PWM_init)
    __arm_cp.4_1                             0x0000274c   Number         4  ti_msp_dl_config.o(.text.SYSCFG_DL_MOTOR_PWM_init)
    __arm_cp.4_2                             0x00002750   Number         4  ti_msp_dl_config.o(.text.SYSCFG_DL_MOTOR_PWM_init)
    __arm_cp.4_3                             0x00002754   Number         4  ti_msp_dl_config.o(.text.SYSCFG_DL_MOTOR_PWM_init)
    [Anonymous Symbol]                       0x00002758   Section        0  ti_msp_dl_config.o(.text.SYSCFG_DL_PID_TIMER_init)
    __arm_cp.8_0                             0x0000277c   Number         4  ti_msp_dl_config.o(.text.SYSCFG_DL_PID_TIMER_init)
    __arm_cp.8_1                             0x00002780   Number         4  ti_msp_dl_config.o(.text.SYSCFG_DL_PID_TIMER_init)
    __arm_cp.8_2                             0x00002784   Number         4  ti_msp_dl_config.o(.text.SYSCFG_DL_PID_TIMER_init)
    __arm_cp.8_3                             0x00002788   Number         4  ti_msp_dl_config.o(.text.SYSCFG_DL_PID_TIMER_init)
    __arm_cp.8_4                             0x0000278c   Number         4  ti_msp_dl_config.o(.text.SYSCFG_DL_PID_TIMER_init)
    [Anonymous Symbol]                       0x00002790   Section        0  ti_msp_dl_config.o(.text.SYSCFG_DL_PTZ1_PWM_init)
    __arm_cp.5_0                             0x000027d8   Number         4  ti_msp_dl_config.o(.text.SYSCFG_DL_PTZ1_PWM_init)
    __arm_cp.5_1                             0x000027dc   Number         4  ti_msp_dl_config.o(.text.SYSCFG_DL_PTZ1_PWM_init)
    __arm_cp.5_2                             0x000027e0   Number         4  ti_msp_dl_config.o(.text.SYSCFG_DL_PTZ1_PWM_init)
    __arm_cp.5_3                             0x000027e4   Number         4  ti_msp_dl_config.o(.text.SYSCFG_DL_PTZ1_PWM_init)
    [Anonymous Symbol]                       0x000027e8   Section        0  ti_msp_dl_config.o(.text.SYSCFG_DL_PTZ2_PWM_init)
    __arm_cp.6_0                             0x00002834   Number         4  ti_msp_dl_config.o(.text.SYSCFG_DL_PTZ2_PWM_init)
    __arm_cp.6_1                             0x00002838   Number         4  ti_msp_dl_config.o(.text.SYSCFG_DL_PTZ2_PWM_init)
    __arm_cp.6_2                             0x0000283c   Number         4  ti_msp_dl_config.o(.text.SYSCFG_DL_PTZ2_PWM_init)
    __arm_cp.6_3                             0x00002840   Number         4  ti_msp_dl_config.o(.text.SYSCFG_DL_PTZ2_PWM_init)
    [Anonymous Symbol]                       0x00002844   Section        0  ti_msp_dl_config.o(.text.SYSCFG_DL_SYSCTL_init)
    __arm_cp.3_0                             0x0000287c   Number         4  ti_msp_dl_config.o(.text.SYSCFG_DL_SYSCTL_init)
    __arm_cp.3_1                             0x00002880   Number         4  ti_msp_dl_config.o(.text.SYSCFG_DL_SYSCTL_init)
    [Anonymous Symbol]                       0x00002884   Section        0  ti_msp_dl_config.o(.text.SYSCFG_DL_UART0_init)
    __arm_cp.10_0                            0x000028e4   Number         4  ti_msp_dl_config.o(.text.SYSCFG_DL_UART0_init)
    __arm_cp.10_1                            0x000028e8   Number         4  ti_msp_dl_config.o(.text.SYSCFG_DL_UART0_init)
    __arm_cp.10_2                            0x000028ec   Number         4  ti_msp_dl_config.o(.text.SYSCFG_DL_UART0_init)
    __arm_cp.10_3                            0x000028f0   Number         4  ti_msp_dl_config.o(.text.SYSCFG_DL_UART0_init)
    __arm_cp.10_4                            0x000028f4   Number         4  ti_msp_dl_config.o(.text.SYSCFG_DL_UART0_init)
    __arm_cp.10_5                            0x000028f8   Number         4  ti_msp_dl_config.o(.text.SYSCFG_DL_UART0_init)
    __arm_cp.10_6                            0x000028fc   Number         4  ti_msp_dl_config.o(.text.SYSCFG_DL_UART0_init)
    [Anonymous Symbol]                       0x00002900   Section        0  ti_msp_dl_config.o(.text.SYSCFG_DL_ULTRASONIC_TIMER_init)
    __arm_cp.7_0                             0x0000291c   Number         4  ti_msp_dl_config.o(.text.SYSCFG_DL_ULTRASONIC_TIMER_init)
    __arm_cp.7_1                             0x00002920   Number         4  ti_msp_dl_config.o(.text.SYSCFG_DL_ULTRASONIC_TIMER_init)
    __arm_cp.7_2                             0x00002924   Number         4  ti_msp_dl_config.o(.text.SYSCFG_DL_ULTRASONIC_TIMER_init)
    __arm_cp.7_3                             0x00002928   Number         4  ti_msp_dl_config.o(.text.SYSCFG_DL_ULTRASONIC_TIMER_init)
    [Anonymous Symbol]                       0x0000292c   Section        0  ti_msp_dl_config.o(.text.SYSCFG_DL_init)
    __arm_cp.0_0                             0x00002974   Number         4  ti_msp_dl_config.o(.text.SYSCFG_DL_init)
    __arm_cp.0_1                             0x00002978   Number         4  ti_msp_dl_config.o(.text.SYSCFG_DL_init)
    __arm_cp.0_2                             0x0000297c   Number         4  ti_msp_dl_config.o(.text.SYSCFG_DL_init)
    __arm_cp.0_3                             0x00002980   Number         4  ti_msp_dl_config.o(.text.SYSCFG_DL_init)
    [Anonymous Symbol]                       0x00002984   Section        0  ti_msp_dl_config.o(.text.SYSCFG_DL_initPower)
    __arm_cp.1_0                             0x000029d4   Number         4  ti_msp_dl_config.o(.text.SYSCFG_DL_initPower)
    __arm_cp.1_1                             0x000029d8   Number         4  ti_msp_dl_config.o(.text.SYSCFG_DL_initPower)
    __arm_cp.1_2                             0x000029dc   Number         4  ti_msp_dl_config.o(.text.SYSCFG_DL_initPower)
    __arm_cp.1_3                             0x000029e0   Number         4  ti_msp_dl_config.o(.text.SYSCFG_DL_initPower)
    __arm_cp.1_4                             0x000029e4   Number         4  ti_msp_dl_config.o(.text.SYSCFG_DL_initPower)
    __arm_cp.1_5                             0x000029e8   Number         4  ti_msp_dl_config.o(.text.SYSCFG_DL_initPower)
    __arm_cp.1_6                             0x000029ec   Number         4  ti_msp_dl_config.o(.text.SYSCFG_DL_initPower)
    __arm_cp.1_7                             0x000029f0   Number         4  ti_msp_dl_config.o(.text.SYSCFG_DL_initPower)
    __arm_cp.1_8                             0x000029f4   Number         4  ti_msp_dl_config.o(.text.SYSCFG_DL_initPower)
    __arm_cp.1_9                             0x000029f8   Number         4  ti_msp_dl_config.o(.text.SYSCFG_DL_initPower)
    __arm_cp.1_10                            0x000029fc   Number         4  ti_msp_dl_config.o(.text.SYSCFG_DL_initPower)
    [Anonymous Symbol]                       0x00002a00   Section        0  soft_oled.o(.text.Send_Byte)
    __arm_cp.7_0                             0x00002b14   Number         4  soft_oled.o(.text.Send_Byte)
    [Anonymous Symbol]                       0x00002b18   Section        0  bsp_motor.o(.text.TIMG7_IRQHandler)
    __arm_cp.12_0                            0x00002b30   Number         4  bsp_motor.o(.text.TIMG7_IRQHandler)
    [Anonymous Symbol]                       0x00002b34   Section        0  empty.o(.text.UART0_IRQHandler)
    [Anonymous Symbol]                       0x00002b3c   Section        0  bsp_uart.o(.text.UART_IRQHandler)
    __arm_cp.11_0                            0x00002bd4   Number         4  bsp_uart.o(.text.UART_IRQHandler)
    [Anonymous Symbol]                       0x00002bd8   Section        0  bsp_uart.o(.text.UART_Init)
    __arm_cp.0_3                             0x00002c08   Number         4  bsp_uart.o(.text.UART_Init)
    __arm_cp.0_4                             0x00002c0c   Number         4  bsp_uart.o(.text.UART_Init)
    __arm_cp.0_6                             0x00002c10   Number         4  bsp_uart.o(.text.UART_Init)
    __arm_cp.0_7                             0x00002c14   Number         4  bsp_uart.o(.text.UART_Init)
    [Anonymous Symbol]                       0x00002c18   Section        0  bsp_uart.o(.text.UART_IsFrameReady)
    [Anonymous Symbol]                       0x00002c20   Section        0  bsp_uart.o(.text.UART_ReadFrame)
    __arm_cp.9_0                             0x00002cf0   Number         4  bsp_uart.o(.text.UART_ReadFrame)
    __arm_cp.9_1                             0x00002cf4   Number         4  bsp_uart.o(.text.UART_ReadFrame)
    __arm_cp.9_2                             0x00002cf8   Number         4  bsp_uart.o(.text.UART_ReadFrame)
    __arm_cp.9_3                             0x00002cfc   Number         4  bsp_uart.o(.text.UART_ReadFrame)
    [Anonymous Symbol]                       0x00002d00   Section        0  bsp_uart.o(.text.UART_SendBytes)
    [Anonymous Symbol]                       0x00002e08   Section        0  bsp_uart.o(.text.UART_SendString)
    __arm_cp.3_0                             0x00002e3c   Number         4  bsp_uart.o(.text.UART_SendString)
    [Anonymous Symbol]                       0x00002e40   Section        0  bsp_ultrasonic.o(.text.Ultrasonic_GetDistance)
    __arm_cp.1_1                             0x00002ed0   Number         4  bsp_ultrasonic.o(.text.Ultrasonic_GetDistance)
    __arm_cp.1_2                             0x00002ed4   Number         4  bsp_ultrasonic.o(.text.Ultrasonic_GetDistance)
    __arm_cp.1_3                             0x00002ed8   Number         4  bsp_ultrasonic.o(.text.Ultrasonic_GetDistance)
    __arm_cp.1_4                             0x00002edc   Number         4  bsp_ultrasonic.o(.text.Ultrasonic_GetDistance)
    __arm_cp.1_5                             0x00002ee0   Number         4  bsp_ultrasonic.o(.text.Ultrasonic_GetDistance)
    __arm_cp.1_6                             0x00002ee4   Number         4  bsp_ultrasonic.o(.text.Ultrasonic_GetDistance)
    [Anonymous Symbol]                       0x00002ee8   Section        0  bsp_ultrasonic.o(.text.Ultrasonic_Init)
    __arm_cp.0_0                             0x00002f04   Number         4  bsp_ultrasonic.o(.text.Ultrasonic_Init)
    __arm_cp.0_1                             0x00002f08   Number         4  bsp_ultrasonic.o(.text.Ultrasonic_Init)
    __arm_cp.0_2                             0x00002f0c   Number         4  bsp_ultrasonic.o(.text.Ultrasonic_Init)
    [Anonymous Symbol]                       0x00002f10   Section        0  board.o(.text.delay_ms)
    [Anonymous Symbol]                       0x00002f1e   Section        0  board.o(.text.delay_us)
    [Anonymous Symbol]                       0x00002f28   Section        0  empty.o(.text.main)
    __arm_cp.0_4                             0x00003074   Number         4  empty.o(.text.main)
    __arm_cp.0_5                             0x00003078   Number         4  empty.o(.text.main)
    __arm_cp.0_6                             0x0000307c   Number         4  empty.o(.text.main)
    .text_divfast                            0x00003090   Section      502  aeabi_sdivfast.o(.text_divfast)
    i._fgr                                   0x00003286   Section        0  fcmp.o(i._fgr)
    i._fls                                   0x0000329c   Section        0  fcmp.o(i._fls)
    x$fpl$fadd                               0x000032b4   Section      140  faddsub.o(x$fpl$fadd)
    _fadd1                                   0x000032c1   Thumb Code     0  faddsub.o(x$fpl$fadd)
    x$fpl$fgeqf                              0x00003340   Section       84  fgef.o(x$fpl$fgeqf)
    x$fpl$fleqf                              0x00003394   Section       84  flef.o(x$fpl$fleqf)
    x$fpl$fmul                               0x000033e8   Section      176  fmul.o(x$fpl$fmul)
    x$fpl$fsub                               0x00003498   Section      208  faddsub.o(x$fpl$fsub)
    _fsub1                                   0x000034a5   Thumb Code     0  faddsub.o(x$fpl$fsub)
    fdiv_tab                                 0x00003568   Data          64  fdiv.o(.constdata)
    .constdata                               0x00003568   Section       64  fdiv.o(.constdata)
    x$fpl$usenofp                            0x00003568   Section        0  usenofp.o(x$fpl$usenofp)
    [Anonymous Symbol]                       0x000035a8   Section        0  dl_timer.o(.rodata..Lswitch.table.DL_Timer_initCompareMode)
    g_led_map                                0x00004f9c   Data          32  bsp_led.o(.rodata.cst32)
    [Anonymous Symbol]                       0x00004f9c   Section        0  bsp_led.o(.rodata.cst32)
    gDMA_CH0Config                           0x00004fbc   Data          24  ti_msp_dl_config.o(.rodata.gDMA_CH0Config)
    [Anonymous Symbol]                       0x00004fbc   Section        0  ti_msp_dl_config.o(.rodata.gDMA_CH0Config)
    gDMA_CH1Config                           0x00004fd4   Data          24  ti_msp_dl_config.o(.rodata.gDMA_CH1Config)
    [Anonymous Symbol]                       0x00004fd4   Section        0  ti_msp_dl_config.o(.rodata.gDMA_CH1Config)
    gI2C_0ClockConfig                        0x00004fec   Data           2  ti_msp_dl_config.o(.rodata.gI2C_0ClockConfig)
    [Anonymous Symbol]                       0x00004fec   Section        0  ti_msp_dl_config.o(.rodata.gI2C_0ClockConfig)
    gMOTOR_PWMClockConfig                    0x00004fee   Data           3  ti_msp_dl_config.o(.rodata.gMOTOR_PWMClockConfig)
    [Anonymous Symbol]                       0x00004fee   Section        0  ti_msp_dl_config.o(.rodata.gMOTOR_PWMClockConfig)
    gMOTOR_PWMConfig                         0x00004ff4   Data           8  ti_msp_dl_config.o(.rodata.gMOTOR_PWMConfig)
    [Anonymous Symbol]                       0x00004ff4   Section        0  ti_msp_dl_config.o(.rodata.gMOTOR_PWMConfig)
    gPID_TIMERClockConfig                    0x00004ffc   Data           3  ti_msp_dl_config.o(.rodata.gPID_TIMERClockConfig)
    [Anonymous Symbol]                       0x00004ffc   Section        0  ti_msp_dl_config.o(.rodata.gPID_TIMERClockConfig)
    gPID_TIMERTimerConfig                    0x00005000   Data          20  ti_msp_dl_config.o(.rodata.gPID_TIMERTimerConfig)
    [Anonymous Symbol]                       0x00005000   Section        0  ti_msp_dl_config.o(.rodata.gPID_TIMERTimerConfig)
    gPTZ1_PWMClockConfig                     0x00005014   Data           3  ti_msp_dl_config.o(.rodata.gPTZ1_PWMClockConfig)
    [Anonymous Symbol]                       0x00005014   Section        0  ti_msp_dl_config.o(.rodata.gPTZ1_PWMClockConfig)
    gPTZ1_PWMConfig                          0x00005018   Data           8  ti_msp_dl_config.o(.rodata.gPTZ1_PWMConfig)
    [Anonymous Symbol]                       0x00005018   Section        0  ti_msp_dl_config.o(.rodata.gPTZ1_PWMConfig)
    gPTZ2_PWMClockConfig                     0x00005020   Data           3  ti_msp_dl_config.o(.rodata.gPTZ2_PWMClockConfig)
    [Anonymous Symbol]                       0x00005020   Section        0  ti_msp_dl_config.o(.rodata.gPTZ2_PWMClockConfig)
    gPTZ2_PWMConfig                          0x00005024   Data           8  ti_msp_dl_config.o(.rodata.gPTZ2_PWMConfig)
    [Anonymous Symbol]                       0x00005024   Section        0  ti_msp_dl_config.o(.rodata.gPTZ2_PWMConfig)
    gUART0ClockConfig                        0x0000502c   Data           2  ti_msp_dl_config.o(.rodata.gUART0ClockConfig)
    [Anonymous Symbol]                       0x0000502c   Section        0  ti_msp_dl_config.o(.rodata.gUART0ClockConfig)
    gUART0Config                             0x0000502e   Data          10  ti_msp_dl_config.o(.rodata.gUART0Config)
    [Anonymous Symbol]                       0x0000502e   Section        0  ti_msp_dl_config.o(.rodata.gUART0Config)
    gULTRASONIC_TIMERCaptureConfig           0x00005038   Data          16  ti_msp_dl_config.o(.rodata.gULTRASONIC_TIMERCaptureConfig)
    [Anonymous Symbol]                       0x00005038   Section        0  ti_msp_dl_config.o(.rodata.gULTRASONIC_TIMERCaptureConfig)
    gULTRASONIC_TIMERClockConfig             0x00005048   Data           3  ti_msp_dl_config.o(.rodata.gULTRASONIC_TIMERClockConfig)
    [Anonymous Symbol]                       0x00005048   Section        0  ti_msp_dl_config.o(.rodata.gULTRASONIC_TIMERClockConfig)
    g_motor_enabled                          0x20200000   Data           1  bsp_motor.o(.data.g_motor_enabled)
    [Anonymous Symbol]                       0x20200000   Section        0  bsp_motor.o(.data.g_motor_enabled)
    .bss                                     0x20200008   Section       96  libspace.o(.bss)
    dma_buf                                  0x202004e8   Data         256  bsp_uart.o(.bss.dma_buf)
    [Anonymous Symbol]                       0x202004e8   Section        0  bsp_uart.o(.bss.dma_buf)
    dma_rd_idx                               0x202005e8   Data           2  bsp_uart.o(.bss.dma_rd_idx)
    [Anonymous Symbol]                       0x202005e8   Section        0  bsp_uart.o(.bss.dma_rd_idx)
    dma_wr_pos                               0x202005ea   Data           2  bsp_uart.o(.bss.dma_wr_pos)
    [Anonymous Symbol]                       0x202005ea   Section        0  bsp_uart.o(.bss.dma_wr_pos)
    frame_len                                0x202005ec   Data           2  bsp_uart.o(.bss.frame_len)
    [Anonymous Symbol]                       0x202005ec   Section        0  bsp_uart.o(.bss.frame_len)
    frame_ready                              0x202005ee   Data           1  bsp_uart.o(.bss.frame_ready)
    [Anonymous Symbol]                       0x202005ee   Section        0  bsp_uart.o(.bss.frame_ready)
    frame_start                              0x202005f0   Data           2  bsp_uart.o(.bss.frame_start)
    [Anonymous Symbol]                       0x202005f0   Section        0  bsp_uart.o(.bss.frame_start)
    g_accel_x_raw                            0x202008ac   Data           2  bsp_mpu6050.o(.bss.g_accel_x_raw)
    [Anonymous Symbol]                       0x202008ac   Section        0  bsp_mpu6050.o(.bss.g_accel_x_raw)
    g_accel_y_raw                            0x202008ae   Data           2  bsp_mpu6050.o(.bss.g_accel_y_raw)
    [Anonymous Symbol]                       0x202008ae   Section        0  bsp_mpu6050.o(.bss.g_accel_y_raw)
    g_accel_z_raw                            0x202008b0   Data           2  bsp_mpu6050.o(.bss.g_accel_z_raw)
    [Anonymous Symbol]                       0x202008b0   Section        0  bsp_mpu6050.o(.bss.g_accel_z_raw)
    g_btn                                    0x202008b4   Data          24  bsp_button.o(.bss.g_btn)
    [Anonymous Symbol]                       0x202008b4   Section        0  bsp_button.o(.bss.g_btn)
    g_btn_tick_ms                            0x202008cc   Data           4  bsp_button.o(.bss.g_btn_tick_ms)
    [Anonymous Symbol]                       0x202008cc   Section        0  bsp_button.o(.bss.g_btn_tick_ms)
    g_capture_ready                          0x202008d0   Data           1  bsp_ultrasonic.o(.bss.g_capture_ready)
    [Anonymous Symbol]                       0x202008d0   Section        0  bsp_ultrasonic.o(.bss.g_capture_ready)
    g_gyro_x_raw                             0x202008d2   Data           2  bsp_mpu6050.o(.bss.g_gyro_x_raw)
    [Anonymous Symbol]                       0x202008d2   Section        0  bsp_mpu6050.o(.bss.g_gyro_x_raw)
    g_gyro_y_raw                             0x202008d4   Data           2  bsp_mpu6050.o(.bss.g_gyro_y_raw)
    [Anonymous Symbol]                       0x202008d4   Section        0  bsp_mpu6050.o(.bss.g_gyro_y_raw)
    g_gyro_z_raw                             0x202008d6   Data           2  bsp_mpu6050.o(.bss.g_gyro_z_raw)
    [Anonymous Symbol]                       0x202008d6   Section        0  bsp_mpu6050.o(.bss.g_gyro_z_raw)
    g_motor                                  0x202008d8   Data         320  bsp_motor.o(.bss.g_motor)
    [Anonymous Symbol]                       0x202008d8   Section        0  bsp_motor.o(.bss.g_motor)
    main.tick_counter                        0x20200a18   Data           4  empty.o(.bss.main.tick_counter)
    [Anonymous Symbol]                       0x20200a18   Section        0  empty.o(.bss.main.tick_counter)
    Heap_Mem                                 0x20200a20   Data           0  startup_mspm0g350x_uvision.o(HEAP)
    Stack_Mem                                0x20200a20   Data         256  startup_mspm0g350x_uvision.o(STACK)
    HEAP                                     0x20200a20   Section        0  startup_mspm0g350x_uvision.o(HEAP)
    STACK                                    0x20200a20   Section      256  startup_mspm0g350x_uvision.o(STACK)
    __initial_sp                             0x20200b20   Data           0  startup_mspm0g350x_uvision.o(STACK)

    Global Symbols

    Symbol Name                              Value     Ov Type        Size  Object(Section)

    BuildAttributes$$THM_ISAv3M$S$PE$A:L22$X:L11$S22$IEEE1$IW$~IW$USESV6$~STKCKD$USESV7$~SHL$OTIME$ROPI$EBA8$UX$STANDARDLIB$REQ8$PRES8$EABIv2 0x00000000   Number         0  anon$$obj.o ABSOLUTE
    __Vectors                                0x00000000   Data           4  startup_mspm0g350x_uvision.o(RESET)
    __ARM_exceptions_init                     - Undefined Weak Reference
    __alloca_initialize                       - Undefined Weak Reference
    __arm_preinit_                            - Undefined Weak Reference
    __arm_relocate_pie_                       - Undefined Weak Reference
    __cpp_initialize__aeabi_                  - Undefined Weak Reference
    __cxa_finalize                            - Undefined Weak Reference
    __rt_locale                               - Undefined Weak Reference
    __sigvec_lookup                           - Undefined Weak Reference
    _atexit_init                              - Undefined Weak Reference
    _call_atexit_fns                          - Undefined Weak Reference
    _clock_init                               - Undefined Weak Reference
    _fp_trap_init                             - Undefined Weak Reference
    _fp_trap_shutdown                         - Undefined Weak Reference
    _get_lc_collate                           - Undefined Weak Reference
    _get_lc_ctype                             - Undefined Weak Reference
    _get_lc_monetary                          - Undefined Weak Reference
    _get_lc_numeric                           - Undefined Weak Reference
    _get_lc_time                              - Undefined Weak Reference
    _getenv_init                              - Undefined Weak Reference
    _handle_redirection                       - Undefined Weak Reference
    _init_alloc                               - Undefined Weak Reference
    _init_user_alloc                          - Undefined Weak Reference
    _initio                                   - Undefined Weak Reference
    _rand_init                                - Undefined Weak Reference
    _signal_finish                            - Undefined Weak Reference
    _signal_init                              - Undefined Weak Reference
    _terminate_alloc                          - Undefined Weak Reference
    _terminate_user_alloc                     - Undefined Weak Reference
    _terminateio                              - Undefined Weak Reference
    __Vectors_End                            0x000000c0   Data           0  startup_mspm0g350x_uvision.o(RESET)
    __Vectors_Size                           0x000000c0   Number         0  startup_mspm0g350x_uvision.o ABSOLUTE
    __main                                   0x000000c1   Thumb Code     8  __main.o(!!!main)
    __scatterload                            0x000000c9   Thumb Code     0  __scatter.o(!!!scatter)
    __scatterload_rt2                        0x000000c9   Thumb Code    52  __scatter.o(!!!scatter)
    __scatterload_rt2_thumb_only             0x000000c9   Thumb Code     0  __scatter.o(!!!scatter)
    __scatterload_null                       0x000000d9   Thumb Code     0  __scatter.o(!!!scatter)
    __scatterload_copy                       0x00000109   Thumb Code    26  __scatter_copy.o(!!handler_copy)
    __scatterload_zeroinit                   0x00000129   Thumb Code    28  __scatter_zi.o(!!handler_zi)
    __rt_lib_init                            0x00000145   Thumb Code     0  libinit.o(.ARM.Collect$$libinit$$00000000)
    __rt_lib_init_alloca_1                   0x00000147   Thumb Code     0  libinit2.o(.ARM.Collect$$libinit$$00000030)
    __rt_lib_init_argv_1                     0x00000147   Thumb Code     0  libinit2.o(.ARM.Collect$$libinit$$0000002E)
    __rt_lib_init_atexit_1                   0x00000147   Thumb Code     0  libinit2.o(.ARM.Collect$$libinit$$0000001D)
    __rt_lib_init_clock_1                    0x00000147   Thumb Code     0  libinit2.o(.ARM.Collect$$libinit$$00000023)
    __rt_lib_init_cpp_1                      0x00000147   Thumb Code     0  libinit2.o(.ARM.Collect$$libinit$$00000034)
    __rt_lib_init_exceptions_1               0x00000147   Thumb Code     0  libinit2.o(.ARM.Collect$$libinit$$00000032)
    __rt_lib_init_fp_1                       0x00000147   Thumb Code     0  libinit2.o(.ARM.Collect$$libinit$$00000002)
    __rt_lib_init_fp_trap_1                  0x00000147   Thumb Code     0  libinit2.o(.ARM.Collect$$libinit$$00000021)
    __rt_lib_init_getenv_1                   0x00000147   Thumb Code     0  libinit2.o(.ARM.Collect$$libinit$$00000025)
    __rt_lib_init_heap_1                     0x00000147   Thumb Code     0  libinit2.o(.ARM.Collect$$libinit$$0000000C)
    __rt_lib_init_lc_collate_1               0x00000147   Thumb Code     0  libinit2.o(.ARM.Collect$$libinit$$00000013)
    __rt_lib_init_lc_ctype_1                 0x00000147   Thumb Code     0  libinit2.o(.ARM.Collect$$libinit$$00000015)
    __rt_lib_init_lc_monetary_1              0x00000147   Thumb Code     0  libinit2.o(.ARM.Collect$$libinit$$00000017)
    __rt_lib_init_lc_numeric_1               0x00000147   Thumb Code     0  libinit2.o(.ARM.Collect$$libinit$$00000019)
    __rt_lib_init_lc_time_1                  0x00000147   Thumb Code     0  libinit2.o(.ARM.Collect$$libinit$$0000001B)
    __rt_lib_init_preinit_1                  0x00000147   Thumb Code     0  libinit2.o(.ARM.Collect$$libinit$$00000006)
    __rt_lib_init_rand_1                     0x00000147   Thumb Code     0  libinit2.o(.ARM.Collect$$libinit$$00000010)
    __rt_lib_init_relocate_pie_1             0x00000147   Thumb Code     0  libinit2.o(.ARM.Collect$$libinit$$00000004)
    __rt_lib_init_return                     0x00000147   Thumb Code     0  libinit2.o(.ARM.Collect$$libinit$$00000035)
    __rt_lib_init_signal_1                   0x00000147   Thumb Code     0  libinit2.o(.ARM.Collect$$libinit$$0000001F)
    __rt_lib_init_stdio_1                    0x00000147   Thumb Code     0  libinit2.o(.ARM.Collect$$libinit$$00000027)
    __rt_lib_init_user_alloc_1               0x00000147   Thumb Code     0  libinit2.o(.ARM.Collect$$libinit$$0000000E)
    __rt_lib_shutdown                        0x00000149   Thumb Code     0  libshutdown.o(.ARM.Collect$$libshutdown$$00000000)
    __rt_lib_shutdown_cpp_1                  0x0000014b   Thumb Code     0  libshutdown2.o(.ARM.Collect$$libshutdown$$00000002)
    __rt_lib_shutdown_fp_trap_1              0x0000014b   Thumb Code     0  libshutdown2.o(.ARM.Collect$$libshutdown$$00000007)
    __rt_lib_shutdown_heap_1                 0x0000014b   Thumb Code     0  libshutdown2.o(.ARM.Collect$$libshutdown$$0000000F)
    __rt_lib_shutdown_return                 0x0000014b   Thumb Code     0  libshutdown2.o(.ARM.Collect$$libshutdown$$00000010)
    __rt_lib_shutdown_signal_1               0x0000014b   Thumb Code     0  libshutdown2.o(.ARM.Collect$$libshutdown$$0000000A)
    __rt_lib_shutdown_stdio_1                0x0000014b   Thumb Code     0  libshutdown2.o(.ARM.Collect$$libshutdown$$00000004)
    __rt_lib_shutdown_user_alloc_1           0x0000014b   Thumb Code     0  libshutdown2.o(.ARM.Collect$$libshutdown$$0000000C)
    __rt_entry                               0x0000014d   Thumb Code     0  __rtentry.o(.ARM.Collect$$rtentry$$00000000)
    __rt_entry_presh_1                       0x0000014d   Thumb Code     0  __rtentry2.o(.ARM.Collect$$rtentry$$00000002)
    __rt_entry_sh                            0x0000014d   Thumb Code     0  __rtentry4.o(.ARM.Collect$$rtentry$$00000004)
    __rt_entry_li                            0x00000153   Thumb Code     0  __rtentry2.o(.ARM.Collect$$rtentry$$0000000A)
    __rt_entry_postsh_1                      0x00000153   Thumb Code     0  __rtentry2.o(.ARM.Collect$$rtentry$$00000009)
    __rt_entry_main                          0x00000157   Thumb Code     0  __rtentry2.o(.ARM.Collect$$rtentry$$0000000D)
    __rt_entry_postli_1                      0x00000157   Thumb Code     0  __rtentry2.o(.ARM.Collect$$rtentry$$0000000C)
    __rt_exit                                0x0000015f   Thumb Code     0  rtexit.o(.ARM.Collect$$rtexit$$00000000)
    __rt_exit_ls                             0x00000161   Thumb Code     0  rtexit2.o(.ARM.Collect$$rtexit$$00000003)
    __rt_exit_prels_1                        0x00000161   Thumb Code     0  rtexit2.o(.ARM.Collect$$rtexit$$00000002)
    __rt_exit_exit                           0x00000165   Thumb Code     0  rtexit2.o(.ARM.Collect$$rtexit$$00000004)
    Reset_Handler                            0x0000016d   Thumb Code     4  startup_mspm0g350x_uvision.o(.text)
    NMI_Handler                              0x00000171   Thumb Code     2  startup_mspm0g350x_uvision.o(.text)
    HardFault_Handler                        0x00000173   Thumb Code     2  startup_mspm0g350x_uvision.o(.text)
    SVC_Handler                              0x00000175   Thumb Code     2  startup_mspm0g350x_uvision.o(.text)
    PendSV_Handler                           0x00000177   Thumb Code     2  startup_mspm0g350x_uvision.o(.text)
    SysTick_Handler                          0x00000179   Thumb Code     2  startup_mspm0g350x_uvision.o(.text)
    ADC0_IRQHandler                          0x0000017b   Thumb Code     0  startup_mspm0g350x_uvision.o(.text)
    ADC1_IRQHandler                          0x0000017b   Thumb Code     0  startup_mspm0g350x_uvision.o(.text)
    AES_IRQHandler                           0x0000017b   Thumb Code     0  startup_mspm0g350x_uvision.o(.text)
    CANFD0_IRQHandler                        0x0000017b   Thumb Code     0  startup_mspm0g350x_uvision.o(.text)
    DAC0_IRQHandler                          0x0000017b   Thumb Code     0  startup_mspm0g350x_uvision.o(.text)
    DMA_IRQHandler                           0x0000017b   Thumb Code     0  startup_mspm0g350x_uvision.o(.text)
    Default_Handler                          0x0000017b   Thumb Code     2  startup_mspm0g350x_uvision.o(.text)
    GROUP0_IRQHandler                        0x0000017b   Thumb Code     0  startup_mspm0g350x_uvision.o(.text)
    I2C0_IRQHandler                          0x0000017b   Thumb Code     0  startup_mspm0g350x_uvision.o(.text)
    I2C1_IRQHandler                          0x0000017b   Thumb Code     0  startup_mspm0g350x_uvision.o(.text)
    RTC_IRQHandler                           0x0000017b   Thumb Code     0  startup_mspm0g350x_uvision.o(.text)
    SPI0_IRQHandler                          0x0000017b   Thumb Code     0  startup_mspm0g350x_uvision.o(.text)
    SPI1_IRQHandler                          0x0000017b   Thumb Code     0  startup_mspm0g350x_uvision.o(.text)
    TIMA0_IRQHandler                         0x0000017b   Thumb Code     0  startup_mspm0g350x_uvision.o(.text)
    TIMA1_IRQHandler                         0x0000017b   Thumb Code     0  startup_mspm0g350x_uvision.o(.text)
    TIMG0_IRQHandler                         0x0000017b   Thumb Code     0  startup_mspm0g350x_uvision.o(.text)
    TIMG12_IRQHandler                        0x0000017b   Thumb Code     0  startup_mspm0g350x_uvision.o(.text)
    TIMG6_IRQHandler                         0x0000017b   Thumb Code     0  startup_mspm0g350x_uvision.o(.text)
    TIMG8_IRQHandler                         0x0000017b   Thumb Code     0  startup_mspm0g350x_uvision.o(.text)
    UART1_IRQHandler                         0x0000017b   Thumb Code     0  startup_mspm0g350x_uvision.o(.text)
    UART2_IRQHandler                         0x0000017b   Thumb Code     0  startup_mspm0g350x_uvision.o(.text)
    UART3_IRQHandler                         0x0000017b   Thumb Code     0  startup_mspm0g350x_uvision.o(.text)
    __user_initial_stackheap                 0x0000017d   Thumb Code    10  startup_mspm0g350x_uvision.o(.text)
    __aeabi_uidivmod                         0x00000199   Thumb Code    28  aeabi_sdivfast.o(.text)
    __aeabi_idivmod                          0x000001b5   Thumb Code   472  aeabi_sdivfast.o(.text)
    __use_two_region_memory                  0x00000391   Thumb Code     2  heapauxi.o(.text)
    __rt_heap_escrow$2region                 0x00000393   Thumb Code     2  heapauxi.o(.text)
    __rt_heap_expand$2region                 0x00000395   Thumb Code     2  heapauxi.o(.text)
    __aeabi_fdiv                             0x00000399   Thumb Code     0  fdiv.o(.text)
    _fdiv                                    0x00000399   Thumb Code   334  fdiv.o(.text)
    _frdiv                                   0x000004e7   Thumb Code     8  fdiv.o(.text)
    __aeabi_f2iz                             0x000004f9   Thumb Code     0  ffixi.o(.text)
    _ffix                                    0x000004f9   Thumb Code    76  ffixi.o(.text)
    __aeabi_f2uiz                            0x00000545   Thumb Code     0  ffixui.o(.text)
    _ffixu                                   0x00000545   Thumb Code    48  ffixui.o(.text)
    __aeabi_i2f_normalise                    0x00000575   Thumb Code    72  fflti.o(.text)
    __aeabi_i2f                              0x000005bd   Thumb Code    16  fflti.o(.text)
    _fflt                                    0x000005bd   Thumb Code     0  fflti.o(.text)
    __aeabi_ui2f                             0x000005cd   Thumb Code     6  fflti.o(.text)
    _ffltu                                   0x000005cd   Thumb Code     0  fflti.o(.text)
    __fpl_fcmp_InfNaN                        0x000005d5   Thumb Code    96  fcmpin.o(.text)
    __user_setup_stackheap                   0x00000639   Thumb Code    62  sys_stackheap_outer.o(.text)
    exit                                     0x00000677   Thumb Code    16  exit.o(.text)
    __fpl_cmpreturn                          0x00000687   Thumb Code    46  cmpret.o(.text)
    __fpl_fcheck_NaN2                        0x000006b5   Thumb Code    10  fnan2.o(.text)
    __user_libspace                          0x000006c5   Thumb Code     8  libspace.o(.text)
    __user_perproc_libspace                  0x000006c5   Thumb Code     0  libspace.o(.text)
    __user_perthread_libspace                0x000006c5   Thumb Code     0  libspace.o(.text)
    __fpl_return_NaN                         0x000006cd   Thumb Code    94  retnan.o(.text)
    _sys_exit                                0x0000072d   Thumb Code     8  sys_exit.o(.text)
    __I$use$semihosting                      0x00000739   Thumb Code     0  use_no_semi.o(.text)
    __use_no_semihosting_swi                 0x00000739   Thumb Code     2  use_no_semi.o(.text)
    __semihosting_library_function           0x0000073b   Thumb Code     0  indicate_semi.o(.text)
    Button_GetPress                          0x0000073d   Thumb Code    24  bsp_button.o(.text.Button_GetPress)
    Button_Init                              0x00000755   Thumb Code    52  bsp_button.o(.text.Button_Init)
    Button_Task                              0x00000789   Thumb Code   172  bsp_button.o(.text.Button_Task)
    Buzzer_Beep                              0x00000841   Thumb Code    16  bsp_buzzer.o(.text.Buzzer_Beep)
    Buzzer_Init                              0x00000855   Thumb Code     8  bsp_buzzer.o(.text.Buzzer_Init)
    DL_Common_delayCycles                    0x00000861   Thumb Code    10  dl_common.o(.text.DL_Common_delayCycles)
    DL_DMA_initChannel                       0x0000086d   Thumb Code    68  dl_dma.o(.text.DL_DMA_initChannel)
    DL_I2C_fillControllerTXFIFO              0x000008b1   Thumb Code    44  dl_i2c.o(.text.DL_I2C_fillControllerTXFIFO)
    DL_I2C_setClockConfig                    0x000008dd   Thumb Code    38  dl_i2c.o(.text.DL_I2C_setClockConfig)
    DL_Timer_initCaptureMode                 0x00000905   Thumb Code   256  dl_timer.o(.text.DL_Timer_initCaptureMode)
    DL_Timer_initFourCCPWMMode               0x00000a05   Thumb Code   264  dl_timer.o(.text.DL_Timer_initFourCCPWMMode)
    DL_Timer_initTimerMode                   0x00000b0d   Thumb Code   240  dl_timer.o(.text.DL_Timer_initTimerMode)
    DL_Timer_setCaptCompUpdateMethod         0x00000bfd   Thumb Code    28  dl_timer.o(.text.DL_Timer_setCaptCompUpdateMethod)
    DL_Timer_setCaptureCompareOutCtl         0x00000c19   Thumb Code    24  dl_timer.o(.text.DL_Timer_setCaptureCompareOutCtl)
    DL_Timer_setCaptureCompareValue          0x00000c31   Thumb Code    16  dl_timer.o(.text.DL_Timer_setCaptureCompareValue)
    DL_Timer_setClockConfig                  0x00000c41   Thumb Code    28  dl_timer.o(.text.DL_Timer_setClockConfig)
    DL_UART_init                             0x00000c5d   Thumb Code    72  dl_uart.o(.text.DL_UART_init)
    DL_UART_setClockConfig                   0x00000ca5   Thumb Code    18  dl_uart.o(.text.DL_UART_setClockConfig)
    GROUP1_IRQHandler                        0x00000cb9   Thumb Code   600  bsp_motor.o(.text.GROUP1_IRQHandler)
    LED_Init                                 0x00000f31   Thumb Code    24  bsp_led.o(.text.LED_Init)
    LED_Toggle                               0x00000f49   Thumb Code    20  bsp_led.o(.text.LED_Toggle)
    MPU6050_Init                             0x00000f65   Thumb Code   220  bsp_mpu6050.o(.text.MPU6050_Init)
    MPU6050_Update                           0x00001049   Thumb Code   212  bsp_mpu6050.o(.text.MPU6050_Update)
    Motor_GetEncoder                         0x0000114d   Thumb Code    20  bsp_motor.o(.text.Motor_GetEncoder)
    Motor_Init                               0x00001165   Thumb Code   404  bsp_motor.o(.text.Motor_Init)
    Motor_PIDTask                            0x00001311   Thumb Code   388  bsp_motor.o(.text.Motor_PIDTask)
    OLED_Clear                               0x000014bd   Thumb Code  1278  soft_oled.o(.text.OLED_Clear)
    OLED_Init                                0x000019bd   Thumb Code  1504  soft_oled.o(.text.OLED_Init)
    OLED_Refresh                             0x00001f9d   Thumb Code   248  soft_oled.o(.text.OLED_Refresh)
    OLED_ShowChar                            0x00002099   Thumb Code   596  soft_oled.o(.text.OLED_ShowChar)
    OLED_ShowNum                             0x00002301   Thumb Code   196  soft_oled.o(.text.OLED_ShowNum)
    OLED_ShowString                          0x000023c9   Thumb Code    80  soft_oled.o(.text.OLED_ShowString)
    OLED_WR_Byte                             0x00002419   Thumb Code   156  soft_oled.o(.text.OLED_WR_Byte)
    SYSCFG_DL_DMA_CH0_init                   0x000024b9   Thumb Code    16  ti_msp_dl_config.o(.text.SYSCFG_DL_DMA_CH0_init)
    SYSCFG_DL_DMA_CH1_init                   0x000024cd   Thumb Code    16  ti_msp_dl_config.o(.text.SYSCFG_DL_DMA_CH1_init)
    SYSCFG_DL_DMA_init                       0x000024e5   Thumb Code    12  ti_msp_dl_config.o(.text.SYSCFG_DL_DMA_init)
    SYSCFG_DL_GPIO_init                      0x000024f1   Thumb Code   288  ti_msp_dl_config.o(.text.SYSCFG_DL_GPIO_init)
    SYSCFG_DL_I2C_0_init                     0x00002659   Thumb Code    36  ti_msp_dl_config.o(.text.SYSCFG_DL_I2C_0_init)
    SYSCFG_DL_MOTOR_PWM_init                 0x00002689   Thumb Code   192  ti_msp_dl_config.o(.text.SYSCFG_DL_MOTOR_PWM_init)
    SYSCFG_DL_PID_TIMER_init                 0x00002759   Thumb Code    36  ti_msp_dl_config.o(.text.SYSCFG_DL_PID_TIMER_init)
    SYSCFG_DL_PTZ1_PWM_init                  0x00002791   Thumb Code    72  ti_msp_dl_config.o(.text.SYSCFG_DL_PTZ1_PWM_init)
    SYSCFG_DL_PTZ2_PWM_init                  0x000027e9   Thumb Code    76  ti_msp_dl_config.o(.text.SYSCFG_DL_PTZ2_PWM_init)
    SYSCFG_DL_SYSCTL_init                    0x00002845   Thumb Code    56  ti_msp_dl_config.o(.text.SYSCFG_DL_SYSCTL_init)
    SYSCFG_DL_UART0_init                     0x00002885   Thumb Code    96  ti_msp_dl_config.o(.text.SYSCFG_DL_UART0_init)
    SYSCFG_DL_ULTRASONIC_TIMER_init          0x00002901   Thumb Code    28  ti_msp_dl_config.o(.text.SYSCFG_DL_ULTRASONIC_TIMER_init)
    SYSCFG_DL_init                           0x0000292d   Thumb Code    72  ti_msp_dl_config.o(.text.SYSCFG_DL_init)
    SYSCFG_DL_initPower                      0x00002985   Thumb Code    80  ti_msp_dl_config.o(.text.SYSCFG_DL_initPower)
    Send_Byte                                0x00002a01   Thumb Code   276  soft_oled.o(.text.Send_Byte)
    TIMG7_IRQHandler                         0x00002b19   Thumb Code    24  bsp_motor.o(.text.TIMG7_IRQHandler)
    UART0_IRQHandler                         0x00002b35   Thumb Code     8  empty.o(.text.UART0_IRQHandler)
    UART_IRQHandler                          0x00002b3d   Thumb Code   152  bsp_uart.o(.text.UART_IRQHandler)
    UART_Init                                0x00002bd9   Thumb Code    48  bsp_uart.o(.text.UART_Init)
    UART_IsFrameReady                        0x00002c19   Thumb Code     8  bsp_uart.o(.text.UART_IsFrameReady)
    UART_ReadFrame                           0x00002c21   Thumb Code   208  bsp_uart.o(.text.UART_ReadFrame)
    UART_SendBytes                           0x00002d01   Thumb Code   264  bsp_uart.o(.text.UART_SendBytes)
    UART_SendString                          0x00002e09   Thumb Code    52  bsp_uart.o(.text.UART_SendString)
    Ultrasonic_GetDistance                   0x00002e41   Thumb Code   144  bsp_ultrasonic.o(.text.Ultrasonic_GetDistance)
    Ultrasonic_Init                          0x00002ee9   Thumb Code    28  bsp_ultrasonic.o(.text.Ultrasonic_Init)
    delay_ms                                 0x00002f11   Thumb Code    14  board.o(.text.delay_ms)
    delay_us                                 0x00002f1f   Thumb Code    10  board.o(.text.delay_us)
    main                                     0x00002f29   Thumb Code   296  empty.o(.text.main)
    __aeabi_uidiv                            0x00003091   Thumb Code    68  aeabi_sdivfast.o(.text_divfast)
    __aeabi_idiv                             0x000030d5   Thumb Code   434  aeabi_sdivfast.o(.text_divfast)
    __aeabi_fcmpgt                           0x00003287   Thumb Code     0  fcmp.o(i._fgr)
    _fgr                                     0x00003287   Thumb Code    22  fcmp.o(i._fgr)
    __aeabi_fcmplt                           0x0000329d   Thumb Code     0  fcmp.o(i._fls)
    _fls                                     0x0000329d   Thumb Code    22  fcmp.o(i._fls)
    __aeabi_fadd                             0x000032b5   Thumb Code     0  faddsub.o(x$fpl$fadd)
    _fadd                                    0x000032b5   Thumb Code   134  faddsub.o(x$fpl$fadd)
    _fcmpge                                  0x00003341   Thumb Code    78  fgef.o(x$fpl$fgeqf)
    __aeabi_cfcmple                          0x00003395   Thumb Code     0  flef.o(x$fpl$fleqf)
    _fcmple                                  0x00003395   Thumb Code    78  flef.o(x$fpl$fleqf)
    __aeabi_fmul                             0x000033e9   Thumb Code     0  fmul.o(x$fpl$fmul)
    _fmul                                    0x000033e9   Thumb Code   172  fmul.o(x$fpl$fmul)
    __aeabi_fsub                             0x00003499   Thumb Code     0  faddsub.o(x$fpl$fsub)
    _fsub                                    0x00003499   Thumb Code   204  faddsub.o(x$fpl$fsub)
    __I$use$fp                               0x00003568   Number         0  usenofp.o(x$fpl$usenofp)
    asc2_0806                                0x000035b4   Data         552  soft_oled.o(.rodata.asc2_0806)
    asc2_1206                                0x000037dc   Data        1140  soft_oled.o(.rodata.asc2_1206)
    asc2_1608                                0x00003c50   Data        1520  soft_oled.o(.rodata.asc2_1608)
    asc2_2412                                0x00004240   Data        3420  soft_oled.o(.rodata.asc2_2412)
    Region$$Table$$Base                      0x00005050   Number         0  anon$$obj.o(Region$$Table)
    Region$$Table$$Limit                     0x00005070   Number         0  anon$$obj.o(Region$$Table)
    __libspace_start                         0x20200008   Data          96  libspace.o(.bss)
    OLED_GRAM                                0x20200068   Data        1152  soft_oled.o(.bss.OLED_GRAM)
    __temporary_stack_top$libspace           0x20200068   Data           0  libspace.o(.bss)
    gMOTOR_PWMBackup                         0x202005f4   Data         188  ti_msp_dl_config.o(.bss.gMOTOR_PWMBackup)
    gPID_TIMERBackup                         0x202006b0   Data         160  ti_msp_dl_config.o(.bss.gPID_TIMERBackup)
    gPTZ1_PWMBackup                          0x20200750   Data         188  ti_msp_dl_config.o(.bss.gPTZ1_PWMBackup)
    gPTZ2_PWMBackup                          0x2020080c   Data         160  ti_msp_dl_config.o(.bss.gPTZ2_PWMBackup)



==============================================================================

Memory Map of the image

  Image Entry point : 0x000000c1

  Load Region LR_IROM1 (Base: 0x00000000, Size: 0x00005078, Max: 0x00020000, ABSOLUTE)

    Execution Region ER_IROM1 (Exec base: 0x00000000, Load base: 0x00000000, Size: 0x00005070, Max: 0x00020000, ABSOLUTE)

    Exec Addr    Load Addr    Size         Type   Attr      Idx    E Section Name        Object

    0x00000000   0x00000000   0x000000c0   Data   RO           16    RESET               startup_mspm0g350x_uvision.o
    0x000000c0   0x000000c0   0x00000008   Code   RO          615  * !!!main             c_p.l(__main.o)
    0x000000c8   0x000000c8   0x0000003c   Code   RO          836    !!!scatter          c_p.l(__scatter.o)
    0x00000104   0x00000104   0x00000004   PAD
    0x00000108   0x00000108   0x0000001a   Code   RO          838    !!handler_copy      c_p.l(__scatter_copy.o)
    0x00000122   0x00000122   0x00000006   PAD
    0x00000128   0x00000128   0x0000001c   Code   RO          840    !!handler_zi        c_p.l(__scatter_zi.o)
    0x00000144   0x00000144   0x00000002   Code   RO          691    .ARM.Collect$$libinit$$00000000  c_p.l(libinit.o)
    0x00000146   0x00000146   0x00000000   Code   RO          709    .ARM.Collect$$libinit$$00000002  c_p.l(libinit2.o)
    0x00000146   0x00000146   0x00000000   Code   RO          711    .ARM.Collect$$libinit$$00000004  c_p.l(libinit2.o)
    0x00000146   0x00000146   0x00000000   Code   RO          713    .ARM.Collect$$libinit$$00000006  c_p.l(libinit2.o)
    0x00000146   0x00000146   0x00000000   Code   RO          716    .ARM.Collect$$libinit$$0000000C  c_p.l(libinit2.o)
    0x00000146   0x00000146   0x00000000   Code   RO          718    .ARM.Collect$$libinit$$0000000E  c_p.l(libinit2.o)
    0x00000146   0x00000146   0x00000000   Code   RO          720    .ARM.Collect$$libinit$$00000010  c_p.l(libinit2.o)
    0x00000146   0x00000146   0x00000000   Code   RO          723    .ARM.Collect$$libinit$$00000013  c_p.l(libinit2.o)
    0x00000146   0x00000146   0x00000000   Code   RO          725    .ARM.Collect$$libinit$$00000015  c_p.l(libinit2.o)
    0x00000146   0x00000146   0x00000000   Code   RO          727    .ARM.Collect$$libinit$$00000017  c_p.l(libinit2.o)
    0x00000146   0x00000146   0x00000000   Code   RO          729    .ARM.Collect$$libinit$$00000019  c_p.l(libinit2.o)
    0x00000146   0x00000146   0x00000000   Code   RO          731    .ARM.Collect$$libinit$$0000001B  c_p.l(libinit2.o)
    0x00000146   0x00000146   0x00000000   Code   RO          733    .ARM.Collect$$libinit$$0000001D  c_p.l(libinit2.o)
    0x00000146   0x00000146   0x00000000   Code   RO          735    .ARM.Collect$$libinit$$0000001F  c_p.l(libinit2.o)
    0x00000146   0x00000146   0x00000000   Code   RO          737    .ARM.Collect$$libinit$$00000021  c_p.l(libinit2.o)
    0x00000146   0x00000146   0x00000000   Code   RO          739    .ARM.Collect$$libinit$$00000023  c_p.l(libinit2.o)
    0x00000146   0x00000146   0x00000000   Code   RO          741    .ARM.Collect$$libinit$$00000025  c_p.l(libinit2.o)
    0x00000146   0x00000146   0x00000000   Code   RO          743    .ARM.Collect$$libinit$$00000027  c_p.l(libinit2.o)
    0x00000146   0x00000146   0x00000000   Code   RO          747    .ARM.Collect$$libinit$$0000002E  c_p.l(libinit2.o)
    0x00000146   0x00000146   0x00000000   Code   RO          749    .ARM.Collect$$libinit$$00000030  c_p.l(libinit2.o)
    0x00000146   0x00000146   0x00000000   Code   RO          751    .ARM.Collect$$libinit$$00000032  c_p.l(libinit2.o)
    0x00000146   0x00000146   0x00000000   Code   RO          753    .ARM.Collect$$libinit$$00000034  c_p.l(libinit2.o)
    0x00000146   0x00000146   0x00000002   Code   RO          754    .ARM.Collect$$libinit$$00000035  c_p.l(libinit2.o)
    0x00000148   0x00000148   0x00000002   Code   RO          791    .ARM.Collect$$libshutdown$$00000000  c_p.l(libshutdown.o)
    0x0000014a   0x0000014a   0x00000000   Code   RO          819    .ARM.Collect$$libshutdown$$00000002  c_p.l(libshutdown2.o)
    0x0000014a   0x0000014a   0x00000000   Code   RO          821    .ARM.Collect$$libshutdown$$00000004  c_p.l(libshutdown2.o)
    0x0000014a   0x0000014a   0x00000000   Code   RO          824    .ARM.Collect$$libshutdown$$00000007  c_p.l(libshutdown2.o)
    0x0000014a   0x0000014a   0x00000000   Code   RO          827    .ARM.Collect$$libshutdown$$0000000A  c_p.l(libshutdown2.o)
    0x0000014a   0x0000014a   0x00000000   Code   RO          829    .ARM.Collect$$libshutdown$$0000000C  c_p.l(libshutdown2.o)
    0x0000014a   0x0000014a   0x00000000   Code   RO          832    .ARM.Collect$$libshutdown$$0000000F  c_p.l(libshutdown2.o)
    0x0000014a   0x0000014a   0x00000002   Code   RO          833    .ARM.Collect$$libshutdown$$00000010  c_p.l(libshutdown2.o)
    0x0000014c   0x0000014c   0x00000000   Code   RO          646    .ARM.Collect$$rtentry$$00000000  c_p.l(__rtentry.o)
    0x0000014c   0x0000014c   0x00000000   Code   RO          659    .ARM.Collect$$rtentry$$00000002  c_p.l(__rtentry2.o)
    0x0000014c   0x0000014c   0x00000006   Code   RO          671    .ARM.Collect$$rtentry$$00000004  c_p.l(__rtentry4.o)
    0x00000152   0x00000152   0x00000000   Code   RO          661    .ARM.Collect$$rtentry$$00000009  c_p.l(__rtentry2.o)
    0x00000152   0x00000152   0x00000004   Code   RO          662    .ARM.Collect$$rtentry$$0000000A  c_p.l(__rtentry2.o)
    0x00000156   0x00000156   0x00000000   Code   RO          664    .ARM.Collect$$rtentry$$0000000C  c_p.l(__rtentry2.o)
    0x00000156   0x00000156   0x00000008   Code   RO          665    .ARM.Collect$$rtentry$$0000000D  c_p.l(__rtentry2.o)
    0x0000015e   0x0000015e   0x00000002   Code   RO          700    .ARM.Collect$$rtexit$$00000000  c_p.l(rtexit.o)
    0x00000160   0x00000160   0x00000000   Code   RO          762    .ARM.Collect$$rtexit$$00000002  c_p.l(rtexit2.o)
    0x00000160   0x00000160   0x00000004   Code   RO          763    .ARM.Collect$$rtexit$$00000003  c_p.l(rtexit2.o)
    0x00000164   0x00000164   0x00000006   Code   RO          764    .ARM.Collect$$rtexit$$00000004  c_p.l(rtexit2.o)
    0x0000016a   0x0000016a   0x00000002   PAD
    0x0000016c   0x0000016c   0x0000002c   Code   RO           17    .text               startup_mspm0g350x_uvision.o
    0x00000198   0x00000198   0x000001f8   Code   RO          605    .text               c_p.l(aeabi_sdivfast.o)
    0x00000390   0x00000390   0x00000006   Code   RO          613    .text               c_p.l(heapauxi.o)
    0x00000396   0x00000396   0x00000002   PAD
    0x00000398   0x00000398   0x00000160   Code   RO          635    .text               fz_ps.l(fdiv.o)
    0x000004f8   0x000004f8   0x0000004c   Code   RO          638    .text               fz_ps.l(ffixi.o)
    0x00000544   0x00000544   0x00000030   Code   RO          640    .text               fz_ps.l(ffixui.o)
    0x00000574   0x00000574   0x0000005e   Code   RO          642    .text               fz_ps.l(fflti.o)
    0x000005d2   0x000005d2   0x00000002   PAD
    0x000005d4   0x000005d4   0x00000064   Code   RO          675    .text               fz_ps.l(fcmpin.o)
    0x00000638   0x00000638   0x0000003e   Code   RO          677    .text               c_p.l(sys_stackheap_outer.o)
    0x00000676   0x00000676   0x00000010   Code   RO          680    .text               c_p.l(exit.o)
    0x00000686   0x00000686   0x0000002e   Code   RO          692    .text               fz_ps.l(cmpret.o)
    0x000006b4   0x000006b4   0x00000010   Code   RO          694    .text               fz_ps.l(fnan2.o)
    0x000006c4   0x000006c4   0x00000008   Code   RO          696    .text               c_p.l(libspace.o)
    0x000006cc   0x000006cc   0x0000005e   Code   RO          755    .text               fz_ps.l(retnan.o)
    0x0000072a   0x0000072a   0x00000002   PAD
    0x0000072c   0x0000072c   0x0000000c   Code   RO          757    .text               c_p.l(sys_exit.o)
    0x00000738   0x00000738   0x00000002   Code   RO          780    .text               c_p.l(use_no_semi.o)
    0x0000073a   0x0000073a   0x00000000   Code   RO          782    .text               c_p.l(indicate_semi.o)
    0x0000073a   0x0000073a   0x00000002   PAD
    0x0000073c   0x0000073c   0x00000018   Code   RO          188    .text.Button_GetPress  bsp_button.o
    0x00000754   0x00000754   0x00000034   Code   RO          184    .text.Button_Init   bsp_button.o
    0x00000788   0x00000788   0x000000b8   Code   RO          192    .text.Button_Task   bsp_button.o
    0x00000840   0x00000840   0x00000014   Code   RO          212    .text.Buzzer_Beep   bsp_buzzer.o
    0x00000854   0x00000854   0x0000000c   Code   RO          204    .text.Buzzer_Init   bsp_buzzer.o
    0x00000860   0x00000860   0x0000000a   Code   RO          416    .text.DL_Common_delayCycles  driverlib.a(dl_common.o)
    0x0000086a   0x0000086a   0x00000002   PAD
    0x0000086c   0x0000086c   0x00000044   Code   RO          425    .text.DL_DMA_initChannel  driverlib.a(dl_dma.o)
    0x000008b0   0x000008b0   0x0000002c   Code   RO          439    .text.DL_I2C_fillControllerTXFIFO  driverlib.a(dl_i2c.o)
    0x000008dc   0x000008dc   0x00000026   Code   RO          435    .text.DL_I2C_setClockConfig  driverlib.a(dl_i2c.o)
    0x00000902   0x00000902   0x00000002   PAD
    0x00000904   0x00000904   0x00000100   Code   RO          477    .text.DL_Timer_initCaptureMode  driverlib.a(dl_timer.o)
    0x00000a04   0x00000a04   0x00000108   Code   RO          543    .text.DL_Timer_initFourCCPWMMode  driverlib.a(dl_timer.o)
    0x00000b0c   0x00000b0c   0x000000f0   Code   RO          471    .text.DL_Timer_initTimerMode  driverlib.a(dl_timer.o)
    0x00000bfc   0x00000bfc   0x0000001c   Code   RO          513    .text.DL_Timer_setCaptCompUpdateMethod  driverlib.a(dl_timer.o)
    0x00000c18   0x00000c18   0x00000018   Code   RO          517    .text.DL_Timer_setCaptureCompareOutCtl  driverlib.a(dl_timer.o)
    0x00000c30   0x00000c30   0x00000010   Code   RO          473    .text.DL_Timer_setCaptureCompareValue  driverlib.a(dl_timer.o)
    0x00000c40   0x00000c40   0x0000001c   Code   RO          467    .text.DL_Timer_setClockConfig  driverlib.a(dl_timer.o)
    0x00000c5c   0x00000c5c   0x00000048   Code   RO          564    .text.DL_UART_init  driverlib.a(dl_uart.o)
    0x00000ca4   0x00000ca4   0x00000012   Code   RO          566    .text.DL_UART_setClockConfig  driverlib.a(dl_uart.o)
    0x00000cb6   0x00000cb6   0x00000002   PAD
    0x00000cb8   0x00000cb8   0x00000278   Code   RO          105    .text.GROUP1_IRQHandler  bsp_motor.o
    0x00000f30   0x00000f30   0x00000018   Code   RO          239    .text.LED_Init      bsp_led.o
    0x00000f48   0x00000f48   0x0000001c   Code   RO          245    .text.LED_Toggle    bsp_led.o
    0x00000f64   0x00000f64   0x000000e4   Code   RO          260    .text.MPU6050_Init  bsp_mpu6050.o
    0x00001048   0x00001048   0x00000104   Code   RO          262    .text.MPU6050_Update  bsp_mpu6050.o
    0x0000114c   0x0000114c   0x00000018   Code   RO           95    .text.Motor_GetEncoder  bsp_motor.o
    0x00001164   0x00001164   0x000001ac   Code   RO           83    .text.Motor_Init    bsp_motor.o
    0x00001310   0x00001310   0x000001ac   Code   RO          103    .text.Motor_PIDTask  bsp_motor.o
    0x000014bc   0x000014bc   0x000004fe   Code   RO          337    .text.OLED_Clear    soft_oled.o
    0x000019ba   0x000019ba   0x00000002   PAD
    0x000019bc   0x000019bc   0x000005e0   Code   RO          359    .text.OLED_Init     soft_oled.o
    0x00001f9c   0x00001f9c   0x000000fc   Code   RO          335    .text.OLED_Refresh  soft_oled.o
    0x00002098   0x00002098   0x00000268   Code   RO          345    .text.OLED_ShowChar  soft_oled.o
    0x00002300   0x00002300   0x000000c8   Code   RO          351    .text.OLED_ShowNum  soft_oled.o
    0x000023c8   0x000023c8   0x00000050   Code   RO          347    .text.OLED_ShowString  soft_oled.o
    0x00002418   0x00002418   0x000000a0   Code   RO          317    .text.OLED_WR_Byte  soft_oled.o
    0x000024b8   0x000024b8   0x00000014   Code   RO           52    .text.SYSCFG_DL_DMA_CH0_init  ti_msp_dl_config.o
    0x000024cc   0x000024cc   0x00000018   Code   RO           54    .text.SYSCFG_DL_DMA_CH1_init  ti_msp_dl_config.o
    0x000024e4   0x000024e4   0x0000000c   Code   RO           46    .text.SYSCFG_DL_DMA_init  ti_msp_dl_config.o
    0x000024f0   0x000024f0   0x00000168   Code   RO           28    .text.SYSCFG_DL_GPIO_init  ti_msp_dl_config.o
    0x00002658   0x00002658   0x00000030   Code   RO           42    .text.SYSCFG_DL_I2C_0_init  ti_msp_dl_config.o
    0x00002688   0x00002688   0x000000d0   Code   RO           32    .text.SYSCFG_DL_MOTOR_PWM_init  ti_msp_dl_config.o
    0x00002758   0x00002758   0x00000038   Code   RO           40    .text.SYSCFG_DL_PID_TIMER_init  ti_msp_dl_config.o
    0x00002790   0x00002790   0x00000058   Code   RO           34    .text.SYSCFG_DL_PTZ1_PWM_init  ti_msp_dl_config.o
    0x000027e8   0x000027e8   0x0000005c   Code   RO           36    .text.SYSCFG_DL_PTZ2_PWM_init  ti_msp_dl_config.o
    0x00002844   0x00002844   0x00000040   Code   RO           30    .text.SYSCFG_DL_SYSCTL_init  ti_msp_dl_config.o
    0x00002884   0x00002884   0x0000007c   Code   RO           44    .text.SYSCFG_DL_UART0_init  ti_msp_dl_config.o
    0x00002900   0x00002900   0x0000002c   Code   RO           38    .text.SYSCFG_DL_ULTRASONIC_TIMER_init  ti_msp_dl_config.o
    0x0000292c   0x0000292c   0x00000058   Code   RO           24    .text.SYSCFG_DL_init  ti_msp_dl_config.o
    0x00002984   0x00002984   0x0000007c   Code   RO           26    .text.SYSCFG_DL_initPower  ti_msp_dl_config.o
    0x00002a00   0x00002a00   0x00000118   Code   RO          329    .text.Send_Byte     soft_oled.o
    0x00002b18   0x00002b18   0x0000001c   Code   RO          107    .text.TIMG7_IRQHandler  bsp_motor.o
    0x00002b34   0x00002b34   0x00000008   Code   RO            4    .text.UART0_IRQHandler  empty.o
    0x00002b3c   0x00002b3c   0x0000009c   Code   RO          400    .text.UART_IRQHandler  bsp_uart.o
    0x00002bd8   0x00002bd8   0x00000040   Code   RO          378    .text.UART_Init     bsp_uart.o
    0x00002c18   0x00002c18   0x00000008   Code   RO          392    .text.UART_IsFrameReady  bsp_uart.o
    0x00002c20   0x00002c20   0x000000e0   Code   RO          396    .text.UART_ReadFrame  bsp_uart.o
    0x00002d00   0x00002d00   0x00000108   Code   RO          382    .text.UART_SendBytes  bsp_uart.o
    0x00002e08   0x00002e08   0x00000038   Code   RO          384    .text.UART_SendString  bsp_uart.o
    0x00002e40   0x00002e40   0x000000a8   Code   RO          304    .text.Ultrasonic_GetDistance  bsp_ultrasonic.o
    0x00002ee8   0x00002ee8   0x00000028   Code   RO          302    .text.Ultrasonic_Init  bsp_ultrasonic.o
    0x00002f10   0x00002f10   0x0000000e   Code   RO          121    .text.delay_ms      board.o
    0x00002f1e   0x00002f1e   0x0000000a   Code   RO          119    .text.delay_us      board.o
    0x00002f28   0x00002f28   0x00000168   Code   RO            2    .text.main          empty.o
    0x00003090   0x00003090   0x000001f6   Code   RO          606    .text_divfast       c_p.l(aeabi_sdivfast.o)
    0x00003286   0x00003286   0x00000016   Code   RO          625    i._fgr              fz_ps.l(fcmp.o)
    0x0000329c   0x0000329c   0x00000016   Code   RO          627    i._fls              fz_ps.l(fcmp.o)
    0x000032b2   0x000032b2   0x00000002   PAD
    0x000032b4   0x000032b4   0x0000008c   Code   RO          617    x$fpl$fadd          fz_ps.l(faddsub.o)
    0x00003340   0x00003340   0x00000054   Code   RO          653    x$fpl$fgeqf         fz_ps.l(fgef.o)
    0x00003394   0x00003394   0x00000054   Code   RO          655    x$fpl$fleqf         fz_ps.l(flef.o)
    0x000033e8   0x000033e8   0x000000b0   Code   RO          644    x$fpl$fmul          fz_ps.l(fmul.o)
    0x00003498   0x00003498   0x000000d0   Code   RO          619    x$fpl$fsub          fz_ps.l(faddsub.o)
    0x00003568   0x00003568   0x00000000   Code   RO          657    x$fpl$usenofp       fz_ps.l(usenofp.o)
    0x00003568   0x00003568   0x00000040   Data   RO          636    .constdata          fz_ps.l(fdiv.o)
    0x000035a8   0x000035a8   0x0000000c   Data   RO          555    .rodata..Lswitch.table.DL_Timer_initCompareMode  driverlib.a(dl_timer.o)
    0x000035b4   0x000035b4   0x00000228   Data   RO          361    .rodata.asc2_0806   soft_oled.o
    0x000037dc   0x000037dc   0x00000474   Data   RO          362    .rodata.asc2_1206   soft_oled.o
    0x00003c50   0x00003c50   0x000005f0   Data   RO          363    .rodata.asc2_1608   soft_oled.o
    0x00004240   0x00004240   0x00000d5c   Data   RO          364    .rodata.asc2_2412   soft_oled.o
    0x00004f9c   0x00004f9c   0x00000020   Data   RO          251    .rodata.cst32       bsp_led.o
    0x00004fbc   0x00004fbc   0x00000018   Data   RO           73    .rodata.gDMA_CH0Config  ti_msp_dl_config.o
    0x00004fd4   0x00004fd4   0x00000018   Data   RO           74    .rodata.gDMA_CH1Config  ti_msp_dl_config.o
    0x00004fec   0x00004fec   0x00000002   Data   RO           70    .rodata.gI2C_0ClockConfig  ti_msp_dl_config.o
    0x00004fee   0x00004fee   0x00000003   Data   RO           60    .rodata.gMOTOR_PWMClockConfig  ti_msp_dl_config.o
    0x00004ff1   0x00004ff1   0x00000003   PAD
    0x00004ff4   0x00004ff4   0x00000008   Data   RO           61    .rodata.gMOTOR_PWMConfig  ti_msp_dl_config.o
    0x00004ffc   0x00004ffc   0x00000003   Data   RO           68    .rodata.gPID_TIMERClockConfig  ti_msp_dl_config.o
    0x00004fff   0x00004fff   0x00000001   PAD
    0x00005000   0x00005000   0x00000014   Data   RO           69    .rodata.gPID_TIMERTimerConfig  ti_msp_dl_config.o
    0x00005014   0x00005014   0x00000003   Data   RO           62    .rodata.gPTZ1_PWMClockConfig  ti_msp_dl_config.o
    0x00005017   0x00005017   0x00000001   PAD
    0x00005018   0x00005018   0x00000008   Data   RO           63    .rodata.gPTZ1_PWMConfig  ti_msp_dl_config.o
    0x00005020   0x00005020   0x00000003   Data   RO           64    .rodata.gPTZ2_PWMClockConfig  ti_msp_dl_config.o
    0x00005023   0x00005023   0x00000001   PAD
    0x00005024   0x00005024   0x00000008   Data   RO           65    .rodata.gPTZ2_PWMConfig  ti_msp_dl_config.o
    0x0000502c   0x0000502c   0x00000002   Data   RO           71    .rodata.gUART0ClockConfig  ti_msp_dl_config.o
    0x0000502e   0x0000502e   0x0000000a   Data   RO           72    .rodata.gUART0Config  ti_msp_dl_config.o
    0x00005038   0x00005038   0x00000010   Data   RO           67    .rodata.gULTRASONIC_TIMERCaptureConfig  ti_msp_dl_config.o
    0x00005048   0x00005048   0x00000003   Data   RO           66    .rodata.gULTRASONIC_TIMERClockConfig  ti_msp_dl_config.o
    0x0000504b   0x0000504b   0x00000005   PAD
    0x00005050   0x00005050   0x00000020   Data   RO          835    Region$$Table       anon$$obj.o


    Execution Region RW_IRAM2 (Exec base: 0x20200000, Load base: 0x00005070, Size: 0x00000b20, Max: 0x00008000, ABSOLUTE)

    Exec Addr    Load Addr    Size         Type   Attr      Idx    E Section Name        Object

    0x20200000   0x00005070   0x00000001   Data   RW          110    .data.g_motor_enabled  bsp_motor.o
    0x20200001   0x00005071   0x00000007   PAD
    0x20200008        -       0x00000060   Zero   RW          697    .bss                c_p.l(libspace.o)
    0x20200068        -       0x00000480   Zero   RW          369    .bss.OLED_GRAM      soft_oled.o
    0x202004e8        -       0x00000100   Zero   RW          407    .bss.dma_buf        bsp_uart.o
    0x202005e8        -       0x00000002   Zero   RW          402    .bss.dma_rd_idx     bsp_uart.o
    0x202005ea        -       0x00000002   Zero   RW          403    .bss.dma_wr_pos     bsp_uart.o
    0x202005ec        -       0x00000002   Zero   RW          405    .bss.frame_len      bsp_uart.o
    0x202005ee        -       0x00000001   Zero   RW          404    .bss.frame_ready    bsp_uart.o
    0x202005ef   0x00005071   0x00000001   PAD
    0x202005f0        -       0x00000002   Zero   RW          406    .bss.frame_start    bsp_uart.o
    0x202005f2   0x00005071   0x00000002   PAD
    0x202005f4        -       0x000000bc   Zero   RW           56    .bss.gMOTOR_PWMBackup  ti_msp_dl_config.o
    0x202006b0        -       0x000000a0   Zero   RW           59    .bss.gPID_TIMERBackup  ti_msp_dl_config.o
    0x20200750        -       0x000000bc   Zero   RW           57    .bss.gPTZ1_PWMBackup  ti_msp_dl_config.o
    0x2020080c        -       0x000000a0   Zero   RW           58    .bss.gPTZ2_PWMBackup  ti_msp_dl_config.o
    0x202008ac        -       0x00000002   Zero   RW          288    .bss.g_accel_x_raw  bsp_mpu6050.o
    0x202008ae        -       0x00000002   Zero   RW          289    .bss.g_accel_y_raw  bsp_mpu6050.o
    0x202008b0        -       0x00000002   Zero   RW          290    .bss.g_accel_z_raw  bsp_mpu6050.o
    0x202008b2   0x00005071   0x00000002   PAD
    0x202008b4        -       0x00000018   Zero   RW          195    .bss.g_btn          bsp_button.o
    0x202008cc        -       0x00000004   Zero   RW          194    .bss.g_btn_tick_ms  bsp_button.o
    0x202008d0        -       0x00000001   Zero   RW          306    .bss.g_capture_ready  bsp_ultrasonic.o
    0x202008d1   0x00005071   0x00000001   PAD
    0x202008d2        -       0x00000002   Zero   RW          291    .bss.g_gyro_x_raw   bsp_mpu6050.o
    0x202008d4        -       0x00000002   Zero   RW          292    .bss.g_gyro_y_raw   bsp_mpu6050.o
    0x202008d6        -       0x00000002   Zero   RW          293    .bss.g_gyro_z_raw   bsp_mpu6050.o
    0x202008d8        -       0x00000140   Zero   RW          109    .bss.g_motor        bsp_motor.o
    0x20200a18        -       0x00000004   Zero   RW            6    .bss.main.tick_counter  empty.o
    0x20200a1c   0x00005071   0x00000004   PAD
    0x20200a20        -       0x00000000   Zero   RW           15    HEAP                startup_mspm0g350x_uvision.o
    0x20200a20        -       0x00000100   Zero   RW           14    STACK               startup_mspm0g350x_uvision.o



  Load Region LR_BCR (Base: 0x41c00000, Size: 0x00000000, Max: 0x00000100, ABSOLUTE)

    Execution Region BCR_CONFIG (Exec base: 0x41c00000, Load base: 0x41c00000, Size: 0x00000000, Max: 0x00000080, ABSOLUTE)

    **** No section assigned to this execution region ****



  Load Region LR_BSL (Base: 0x41c00100, Size: 0x00000000, Max: 0x00000100, ABSOLUTE)

    Execution Region BSL_CONFIG (Exec base: 0x41c00100, Load base: 0x41c00100, Size: 0x00000000, Max: 0x00000080, ABSOLUTE)

    **** No section assigned to this execution region ****


==============================================================================

Image component sizes


      Code (inc. data)   RO Data    RW Data    ZI Data      Debug   Object Name

        24          0          0          0          0        891   board.o
       260         12          0          0         28       5379   bsp_button.o
        32          8          0          0          0       4802   bsp_buzzer.o
        52          8         32          0          0       5118   bsp_led.o
      1540        104          0          1        320      19134   bsp_motor.o
       488         56          0          0         12       8549   bsp_mpu6050.o
       772         40          0          0        265      10329   bsp_uart.o
       208         36          0          0          1       7051   bsp_ultrasonic.o
       368         64          0          0          4       1272   empty.o
      4370         44       6632          0       1152      27428   soft_oled.o
        44         18        192          0        256        680   startup_mspm0g350x_uvision.o
      1352        276        137          0        696      38236   ti_msp_dl_config.o

    ----------------------------------------------------------------------
      9512        666       7036          4       2748     128869   Object Totals
         0          0         32          0          0          0   (incl. Generated)
         2          0         11          3         14          0   (incl. Padding)

    ----------------------------------------------------------------------

      Code (inc. data)   RO Data    RW Data    ZI Data      Debug   Library Member Name

         8          0          0          0          0         68   __main.o
         0          0          0          0          0          0   __rtentry.o
        12          0          0          0          0          0   __rtentry2.o
         6          0          0          0          0          0   __rtentry4.o
        60          8          0          0          0          0   __scatter.o
        26          0          0          0          0          0   __scatter_copy.o
        28          0          0          0          0          0   __scatter_zi.o
      1006          4          0          0          0        184   aeabi_sdivfast.o
        16          0          0          0          0         68   exit.o
         6          0          0          0          0        136   heapauxi.o
         0          0          0          0          0          0   indicate_semi.o
         2          0          0          0          0          0   libinit.o
         2          0          0          0          0          0   libinit2.o
         2          0          0          0          0          0   libshutdown.o
         2          0          0          0          0          0   libshutdown2.o
         8          4          0          0         96         68   libspace.o
         2          0          0          0          0          0   rtexit.o
        10          0          0          0          0          0   rtexit2.o
        12          4          0          0          0         60   sys_exit.o
        62          0          0          0          0         80   sys_stackheap_outer.o
         2          0          0          0          0         68   use_no_semi.o
        10          0          0          0          0        803   dl_common.o
        68          4          0          0          0       4505   dl_dma.o
        82          0          0          0          0       8590   dl_i2c.o
       856        204         12          0          0      39888   dl_timer.o
        90          8          0          0          0      14128   dl_uart.o
        46          0          0          0          0         60   cmpret.o
       348          8          0          0          0        160   faddsub.o
        44          0          0          0          0        136   fcmp.o
       100          4          0          0          0         68   fcmpin.o
       352         10         64          0          0         92   fdiv.o
        76          0          0          0          0         68   ffixi.o
        48          0          0          0          0         60   ffixui.o
        94          0          0          0          0         92   fflti.o
        84          4          0          0          0         76   fgef.o
        84          4          0          0          0         76   flef.o
       176          4          0          0          0         80   fmul.o
        16          6          0          0          0         68   fnan2.o
        94          0          0          0          0         68   retnan.o
         0          0          0          0          0          0   usenofp.o

    ----------------------------------------------------------------------
      3968        280         76          0         96      69750   Library Totals
        28          4          0          0          0          0   (incl. Padding)

    ----------------------------------------------------------------------

      Code (inc. data)   RO Data    RW Data    ZI Data      Debug   Library Name

      1272         20          0          0         96        732   c_p.l
      1106        216         12          0          0      67914   driverlib.a
      1562         40         64          0          0       1104   fz_ps.l

    ----------------------------------------------------------------------
      3968        280         76          0         96      69750   Library Totals

    ----------------------------------------------------------------------

==============================================================================


      Code (inc. data)   RO Data    RW Data    ZI Data      Debug   

     13480        946       7112          4       2844     197423   Grand Totals
     13480        946       7112          4       2844     197423   ELF Image Totals
     13480        946       7112          4          0          0   ROM Totals

==============================================================================

    Total RO  Size (Code + RO Data)                20592 (  20.11kB)
    Total RW  Size (RW Data + ZI Data)              2848 (   2.78kB)
    Total ROM Size (Code + RO Data + RW Data)      20596 (  20.11kB)

==============================================================================

